Archive member included to satisfy reference by file (symbol)

D:/STM32/stm32cubeide/STM32CubeIDE/plugins/com.st.stm32cube.ide.mcu.externaltools.gnu-tools-for-stm32.12.3.rel1.win32_1.0.200.202406191623/tools/bin/../lib/gcc/arm-none-eabi/12.3.1/../../../../arm-none-eabi/lib/thumb/v7-m/nofp\libc_nano.a(libc_a-exit.o)
                              D:/STM32/stm32cubeide/STM32CubeIDE/plugins/com.st.stm32cube.ide.mcu.externaltools.gnu-tools-for-stm32.12.3.rel1.win32_1.0.200.202406191623/tools/bin/../lib/gcc/arm-none-eabi/12.3.1/../../../../arm-none-eabi/lib/thumb/v7-m/nofp/crt0.o (exit)
D:/STM32/stm32cubeide/STM32CubeIDE/plugins/com.st.stm32cube.ide.mcu.externaltools.gnu-tools-for-stm32.12.3.rel1.win32_1.0.200.202406191623/tools/bin/../lib/gcc/arm-none-eabi/12.3.1/../../../../arm-none-eabi/lib/thumb/v7-m/nofp\libc_nano.a(libc_a-findfp.o)
                              D:/STM32/stm32cubeide/STM32CubeIDE/plugins/com.st.stm32cube.ide.mcu.externaltools.gnu-tools-for-stm32.12.3.rel1.win32_1.0.200.202406191623/tools/bin/../lib/gcc/arm-none-eabi/12.3.1/../../../../arm-none-eabi/lib/thumb/v7-m/nofp\libc_nano.a(libc_a-exit.o) (__stdio_exit_handler)
D:/STM32/stm32cubeide/STM32CubeIDE/plugins/com.st.stm32cube.ide.mcu.externaltools.gnu-tools-for-stm32.12.3.rel1.win32_1.0.200.202406191623/tools/bin/../lib/gcc/arm-none-eabi/12.3.1/../../../../arm-none-eabi/lib/thumb/v7-m/nofp\libc_nano.a(libc_a-fwalk.o)
                              D:/STM32/stm32cubeide/STM32CubeIDE/plugins/com.st.stm32cube.ide.mcu.externaltools.gnu-tools-for-stm32.12.3.rel1.win32_1.0.200.202406191623/tools/bin/../lib/gcc/arm-none-eabi/12.3.1/../../../../arm-none-eabi/lib/thumb/v7-m/nofp\libc_nano.a(libc_a-findfp.o) (_fwalk_sglue)
D:/STM32/stm32cubeide/STM32CubeIDE/plugins/com.st.stm32cube.ide.mcu.externaltools.gnu-tools-for-stm32.12.3.rel1.win32_1.0.200.202406191623/tools/bin/../lib/gcc/arm-none-eabi/12.3.1/../../../../arm-none-eabi/lib/thumb/v7-m/nofp\libc_nano.a(libc_a-stdio.o)
                              D:/STM32/stm32cubeide/STM32CubeIDE/plugins/com.st.stm32cube.ide.mcu.externaltools.gnu-tools-for-stm32.12.3.rel1.win32_1.0.200.202406191623/tools/bin/../lib/gcc/arm-none-eabi/12.3.1/../../../../arm-none-eabi/lib/thumb/v7-m/nofp\libc_nano.a(libc_a-findfp.o) (__sread)
D:/STM32/stm32cubeide/STM32CubeIDE/plugins/com.st.stm32cube.ide.mcu.externaltools.gnu-tools-for-stm32.12.3.rel1.win32_1.0.200.202406191623/tools/bin/../lib/gcc/arm-none-eabi/12.3.1/../../../../arm-none-eabi/lib/thumb/v7-m/nofp\libc_nano.a(libc_a-memset.o)
                              D:/STM32/stm32cubeide/STM32CubeIDE/plugins/com.st.stm32cube.ide.mcu.externaltools.gnu-tools-for-stm32.12.3.rel1.win32_1.0.200.202406191623/tools/bin/../lib/gcc/arm-none-eabi/12.3.1/../../../../arm-none-eabi/lib/thumb/v7-m/nofp/crt0.o (memset)
D:/STM32/stm32cubeide/STM32CubeIDE/plugins/com.st.stm32cube.ide.mcu.externaltools.gnu-tools-for-stm32.12.3.rel1.win32_1.0.200.202406191623/tools/bin/../lib/gcc/arm-none-eabi/12.3.1/../../../../arm-none-eabi/lib/thumb/v7-m/nofp\libc_nano.a(libc_a-closer.o)
                              D:/STM32/stm32cubeide/STM32CubeIDE/plugins/com.st.stm32cube.ide.mcu.externaltools.gnu-tools-for-stm32.12.3.rel1.win32_1.0.200.202406191623/tools/bin/../lib/gcc/arm-none-eabi/12.3.1/../../../../arm-none-eabi/lib/thumb/v7-m/nofp\libc_nano.a(libc_a-stdio.o) (_close_r)
D:/STM32/stm32cubeide/STM32CubeIDE/plugins/com.st.stm32cube.ide.mcu.externaltools.gnu-tools-for-stm32.12.3.rel1.win32_1.0.200.202406191623/tools/bin/../lib/gcc/arm-none-eabi/12.3.1/../../../../arm-none-eabi/lib/thumb/v7-m/nofp\libc_nano.a(libc_a-reent.o)
                              D:/STM32/stm32cubeide/STM32CubeIDE/plugins/com.st.stm32cube.ide.mcu.externaltools.gnu-tools-for-stm32.12.3.rel1.win32_1.0.200.202406191623/tools/bin/../lib/gcc/arm-none-eabi/12.3.1/../../../../arm-none-eabi/lib/thumb/v7-m/nofp\libc_nano.a(libc_a-closer.o) (errno)
D:/STM32/stm32cubeide/STM32CubeIDE/plugins/com.st.stm32cube.ide.mcu.externaltools.gnu-tools-for-stm32.12.3.rel1.win32_1.0.200.202406191623/tools/bin/../lib/gcc/arm-none-eabi/12.3.1/../../../../arm-none-eabi/lib/thumb/v7-m/nofp\libc_nano.a(libc_a-impure.o)
                              D:/STM32/stm32cubeide/STM32CubeIDE/plugins/com.st.stm32cube.ide.mcu.externaltools.gnu-tools-for-stm32.12.3.rel1.win32_1.0.200.202406191623/tools/bin/../lib/gcc/arm-none-eabi/12.3.1/../../../../arm-none-eabi/lib/thumb/v7-m/nofp\libc_nano.a(libc_a-reent.o) (_impure_ptr)
D:/STM32/stm32cubeide/STM32CubeIDE/plugins/com.st.stm32cube.ide.mcu.externaltools.gnu-tools-for-stm32.12.3.rel1.win32_1.0.200.202406191623/tools/bin/../lib/gcc/arm-none-eabi/12.3.1/../../../../arm-none-eabi/lib/thumb/v7-m/nofp\libc_nano.a(libc_a-lseekr.o)
                              D:/STM32/stm32cubeide/STM32CubeIDE/plugins/com.st.stm32cube.ide.mcu.externaltools.gnu-tools-for-stm32.12.3.rel1.win32_1.0.200.202406191623/tools/bin/../lib/gcc/arm-none-eabi/12.3.1/../../../../arm-none-eabi/lib/thumb/v7-m/nofp\libc_nano.a(libc_a-stdio.o) (_lseek_r)
[...]
Memory Configuration

Name             Origin             Length             Attributes
RAM              0x20000000         0x00005000         xrw
FLASH            0x08000000         0x00010000         xr
*default*        0x00000000         0xffffffff

Linker script and memory map

LOAD D:/STM32/stm32cubeide/STM32CubeIDE/plugins/com.st.stm32cube.ide.mcu.externaltools.gnu-tools-for-stm32.12.3.rel1.win32_1.0.200.202406191623/tools/bin/../lib/gcc/arm-none-eabi/12.3.1/thumb/v7-m/nofp/crti.o
LOAD D:/STM32/stm32cubeide/STM32CubeIDE/plugins/com.st.stm32cube.ide.mcu.externaltools.gnu-tools-for-stm32.12.3.rel1.win32_1.0.200.202406191623/tools/bin/../lib/gcc/arm-none-eabi/12.3.1/thumb/v7-m/nofp/crtbegin.o
LOAD D:/STM32/stm32cubeide/STM32CubeIDE/plugins/com.st.stm32cube.ide.mcu.externaltools.gnu-tools-for-stm32.12.3.rel1.win32_1.0.200.202406191623/tools/bin/../lib/gcc/arm-none-eabi/12.3.1/../../../../arm-none-eabi/lib/thumb/v7-m/nofp/crt0.o
LOAD ./Core/Src/SrcFiles/FreeRTOS_priority_settings.o
LOAD ./Core/Src/SrcFiles/FreeRTOS_project.o
LOAD ./Core/Src/SrcFiles/led_control.o
LOAD ./Core/Src/SrcFiles/port_settings.o
LOAD ./Core/Src/main.o
LOAD ./Core/Src/stm32f1xx_hal_msp.o
LOAD ./Core/Src/stm32f1xx_hal_timebase_tim.o
LOAD ./Core/Src/stm32f1xx_it.o
LOAD ./Core/Src/syscalls.o
LOAD ./Core/Src/sysmem.o
LOAD ./Core/Src/system_stm32f1xx.o
LOAD ./Core/Startup/startup_stm32f103c8tx.o
LOAD ./Drivers/STM32F1xx_HAL_Driver/Src/stm32f1xx_hal.o
LOAD ./Drivers/STM32F1xx_HAL_Driver/Src/stm32f1xx_hal_adc.o
LOAD ./Drivers/STM32F1xx_HAL_Driver/Src/stm32f1xx_hal_adc_ex.o
LOAD ./Drivers/STM32F1xx_HAL_Driver/Src/stm32f1xx_hal_cortex.o
LOAD ./Drivers/STM32F1xx_HAL_Driver/Src/stm32f1xx_hal_dma.o
LOAD ./Drivers/STM32F1xx_HAL_Driver/Src/stm32f1xx_hal_exti.o
LOAD ./Drivers/STM32F1xx_HAL_Driver/Src/stm32f1xx_hal_flash.o
LOAD ./Drivers/STM32F1xx_HAL_Driver/Src/stm32f1xx_hal_flash_ex.o
LOAD ./Drivers/STM32F1xx_HAL_Driver/Src/stm32f1xx_hal_gpio.o
LOAD ./Drivers/STM32F1xx_HAL_Driver/Src/stm32f1xx_hal_gpio_ex.o
LOAD ./Drivers/STM32F1xx_HAL_Driver/Src/stm32f1xx_hal_pwr.o
LOAD ./Drivers/STM32F1xx_HAL_Driver/Src/stm32f1xx_hal_rcc.o
LOAD ./Drivers/STM32F1xx_HAL_Driver/Src/stm32f1xx_hal_rcc_ex.o
LOAD ./Drivers/STM32F1xx_HAL_Driver/Src/stm32f1xx_hal_tim.o
LOAD ./Drivers/STM32F1xx_HAL_Driver/Src/stm32f1xx_hal_tim_ex.o
LOAD ./FreeRTOS/portable/GCC/ARM_CM3/port.o
LOAD ./FreeRTOS/portable/MemMang/heap_4.o
LOAD ./FreeRTOS/source/croutine.o
LOAD ./FreeRTOS/source/event_groups.o
LOAD ./FreeRTOS/source/list.o
LOAD ./FreeRTOS/source/queue.o
LOAD ./FreeRTOS/source/stream_buffer.o
LOAD ./FreeRTOS/source/tasks.o
LOAD ./FreeRTOS/source/timers.o
START GROUP
LOAD D:/STM32/stm32cubeide/STM32CubeIDE/plugins/com.st.stm32cube.ide.mcu.externaltools.gnu-tools-for-stm32.12.3.rel1.win32_1.0.200.202406191623/tools/bin/../lib/gcc/arm-none-eabi/12.3.1/../../../../arm-none-eabi/lib/thumb/v7-m/nofp\libc_nano.a
LOAD D:/STM32/stm32cubeide/STM32CubeIDE/plugins/com.st.stm32cube.ide.mcu.externaltools.gnu-tools-for-stm32.12.3.rel1.win32_1.0.200.202406191623/tools/bin/../lib/gcc/arm-none-eabi/12.3.1/../../../../arm-none-eabi/lib/thumb/v7-m/nofp\libm.a
END GROUP
START GROUP
LOAD D:/STM32/stm32cubeide/STM32CubeIDE/plugins/com.st.stm32cube.ide.mcu.externaltools.gnu-tools-for-stm32.12.3.rel1.win32_1.0.200.202406191623/tools/bin/../lib/gcc/arm-none-eabi/12.3.1/thumb/v7-m/nofp\libgcc.a
LOAD D:/STM32/stm32cubeide/STM32CubeIDE/plugins/com.st.stm32cube.ide.mcu.externaltools.gnu-tools-for-stm32.12.3.rel1.win32_1.0.200.202406191623/tools/bin/../lib/gcc/arm-none-eabi/12.3.1/../../../../arm-none-eabi/lib/thumb/v7-m/nofp\libc_nano.a
END GROUP
START GROUP
LOAD D:/STM32/stm32cubeide/STM32CubeIDE/plugins/com.st.stm32cube.ide.mcu.externaltools.gnu-tools-for-stm32.12.3.rel1.win32_1.0.200.202406191623/tools/bin/../lib/gcc/arm-none-eabi/12.3.1/thumb/v7-m/nofp\libgcc.a
LOAD D:/STM32/stm32cubeide/STM32CubeIDE/plugins/com.st.stm32cube.ide.mcu.externaltools.gnu-tools-for-stm32.12.3.rel1.win32_1.0.200.202406191623/tools/bin/../lib/gcc/arm-none-eabi/12.3.1/../../../../arm-none-eabi/lib/thumb/v7-m/nofp\libc_nano.a
LOAD D:/STM32/stm32cubeide/STM32CubeIDE/plugins/com.st.stm32cube.ide.mcu.externaltools.gnu-tools-for-stm32.12.3.rel1.win32_1.0.200.202406191623/tools/bin/../lib/gcc/arm-none-eabi/12.3.1/../../../../arm-none-eabi/lib/thumb/v7-m/nofp\libnosys.a
END GROUP
START GROUP
LOAD D:/STM32/stm32cubeide/STM32CubeIDE/plugins/com.st.stm32cube.ide.mcu.externaltools.gnu-tools-for-stm32.12.3.rel1.win32_1.0.200.202406191623/tools/bin/../lib/gcc/arm-none-eabi/12.3.1/thumb/v7-m/nofp\libgcc.a
LOAD D:/STM32/stm32cubeide/STM32CubeIDE/plugins/com.st.stm32cube.ide.mcu.externaltools.gnu-tools-for-stm32.12.3.rel1.win32_1.0.200.202406191623/tools/bin/../lib/gcc/arm-none-eabi/12.3.1/../../../../arm-none-eabi/lib/thumb/v7-m/nofp\libc_nano.a
LOAD D:/STM32/stm32cubeide/STM32CubeIDE/plugins/com.st.stm32cube.ide.mcu.externaltools.gnu-tools-for-stm32.12.3.rel1.win32_1.0.200.202406191623/tools/bin/../lib/gcc/arm-none-eabi/12.3.1/../../../../arm-none-eabi/lib/thumb/v7-m/nofp\libnosys.a
END GROUP
LOAD D:/STM32/stm32cubeide/STM32CubeIDE/plugins/com.st.stm32cube.ide.mcu.externaltools.gnu-tools-for-stm32.12.3.rel1.win32_1.0.200.202406191623/tools/bin/../lib/gcc/arm-none-eabi/12.3.1/thumb/v7-m/nofp/crtend.o
LOAD D:/STM32/stm32cubeide/STM32CubeIDE/plugins/com.st.stm32cube.ide.mcu.externaltools.gnu-tools-for-stm32.12.3.rel1.win32_1.0.200.202406191623/tools/bin/../lib/gcc/arm-none-eabi/12.3.1/thumb/v7-m/nofp/crtn.o
                0x20005000                        _estack = (ORIGIN (RAM) + LENGTH (RAM))
                0x00000200                        _Min_Heap_Size = 0x200
                0x00000400                        _Min_Stack_Size = 0x400

.isr_vector     0x08000000      0x10c
                0x08000000                        . = ALIGN (0x4)
 *(.isr_vector)
 .isr_vector    0x08000000      0x10c ./Core/Startup/startup_stm32f103c8tx.o
                0x08000000                g_pfnVectors
                0x0800010c                        . = ALIGN (0x4)

.text           0x08000110     0x6074
                0x08000110                        . = ALIGN (0x4)
 *(.text)
 .text          0x08000110       0x40 D:/STM32/stm32cubeide/STM32CubeIDE/plugins/com.st.stm32cube.ide.mcu.externaltools.gnu-tools-for-stm32.12.3.rel1.win32_1.0.200.202406191623/tools/bin/../lib/gcc/arm-none-eabi/12.3.1/thumb/v7-m/nofp/crtbegin.o
 .text          0x08000150      0x168 D:/STM32/stm32cubeide/STM32CubeIDE/plugins/com.st.stm32cube.ide.mcu.externaltools.gnu-tools-for-stm32.12.3.rel1.win32_1.0.200.202406191623/tools/bin/../lib/gcc/arm-none-eabi/12.3.1/thumb/v7-m/nofp\libgcc.a(_arm_mulsf3.o)
                0x08000150                __aeabi_fmul
                0x08000150                __mulsf3
 .text          0x080002b8      0x21c D:/STM32/stm32cubeide/STM32CubeIDE/plugins/com.st.stm32cube.ide.mcu.externaltools.gnu-tools-for-stm32.12.3.rel1.win32_1.0.200.202406191623/tools/bin/../lib/gcc/arm-none-eabi/12.3.1/thumb/v7-m/nofp\libgcc.a(_arm_addsubsf3.o)
                0x080002b8                __aeabi_frsub
                0x080002c0                __subsf3
                0x080002c0                __aeabi_fsub
                0x080002c4                __aeabi_fadd
                0x080002c4                __addsf3
                0x08000424                __aeabi_ui2f
                0x08000424                __floatunsisf
                0x0800042c                __aeabi_i2f
                0x0800042c                __floatsisf
                0x08000448                __aeabi_ul2f
                0x08000448                __floatundisf
                0x08000458                __aeabi_l2f
                0x08000458                __floatdisf
 .text          0x080004d4       0x40 D:/STM32/stm32cubeide/STM32CubeIDE/plugins/com.st.stm32cube.ide.mcu.externaltools.gnu-tools-for-stm32.12.3.rel1.win32_1.0.200.202406191623/tools/bin/../lib/gcc/arm-none-eabi/12.3.1/thumb/v7-m/nofp\libgcc.a(_arm_fixunssfsi.o)
                0x080004d4                __fixunssfsi
                0x080004d4                __aeabi_f2uiz
 *(.text*)
 .text.InterruptsSetPriority
                0x08000514       0x18 ./Core/Src/SrcFiles/FreeRTOS_priority_settings.o
                0x08000514                InterruptsSetPriority
 .text.CreateAll
                0x0800052c       0x14 ./Core/Src/SrcFiles/FreeRTOS_project.o
                0x0800052c                CreateAll
 .text.TasksCreation
                0x08000540       0xb8 ./Core/Src/SrcFiles/FreeRTOS_project.o
                0x08000540                TasksCreation
 .text.SemaphoresCreation
                0x080005f8       0x28 ./Core/Src/SrcFiles/FreeRTOS_project.o
                0x080005f8                SemaphoresCreation
 .text.QueuesCreation
                0x08000620       0x64 ./Core/Src/SrcFiles/FreeRTOS_project.o
                0x08000620                QueuesCreation
 .text.vGetAdcDataTask
                0x08000684       0x64 ./Core/Src/SrcFiles/FreeRTOS_project.o
                0x08000684                vGetAdcDataTask
 .text.vMotorControlTask
                0x080006e8      0x1f0 ./Core/Src/SrcFiles/FreeRTOS_project.o
                0x080006e8                vMotorControlTask
 .text.vLedIndicationTask
                0x080008d8       0x58 ./Core/Src/SrcFiles/FreeRTOS_project.o
                0x080008d8                vLedIndicationTask
 .text.vButtonTask
                0x08000930       0x84 ./Core/Src/SrcFiles/FreeRTOS_project.o
                0x08000930                vButtonTask
 .text.LED_Control
                0x080009b4       0xb8 ./Core/Src/SrcFiles/led_control.o
                0x080009b4                LED_Control
 .text.MotorPortsConfig
                0x08000a6c      0x238 ./Core/Src/SrcFiles/port_settings.o
                0x08000a6c                MotorPortsConfig
 .text.main     0x08000ca4       0x28 ./Core/Src/main.o
                0x08000ca4                main
 .text.SystemClock_Config
                0x08000ccc       0xb6 ./Core/Src/main.o
                0x08000ccc                SystemClock_Config
 *fill*         0x08000d82        0x2 
 .text.MX_ADC1_Init
                0x08000d84       0x7c ./Core/Src/main.o
 .text.MX_DMA_Init
                0x08000e00       0x3c ./Core/Src/main.o
 .text.MX_GPIO_Init
                0x08000e3c       0xe0 ./Core/Src/main.o
 .text.HAL_TIM_PeriodElapsedCallback
                0x08000f1c       0x24 ./Core/Src/main.o
                0x08000f1c                HAL_TIM_PeriodElapsedCallback
 .text.Error_Handler
                0x08000f40        0xc ./Core/Src/main.o
                0x08000f40                Error_Handler
 .text.HAL_MspInit
                0x08000f4c       0x64 ./Core/Src/stm32f1xx_hal_msp.o
                0x08000f4c                HAL_MspInit
 .text.HAL_ADC_MspInit
                0x08000fb0       0xd0 ./Core/Src/stm32f1xx_hal_msp.o
                0x08000fb0                HAL_ADC_MspInit
 .text.HAL_InitTick
                0x08001080       0xfc ./Core/Src/stm32f1xx_hal_timebase_tim.o
                0x08001080                HAL_InitTick
 .text.NMI_Handler
                0x0800117c        0x8 ./Core/Src/stm32f1xx_it.o
                0x0800117c                NMI_Handler
 .text.HardFault_Handler
                0x08001184        0x8 ./Core/Src/stm32f1xx_it.o
                0x08001184                HardFault_Handler
 .text.MemManage_Handler
                0x0800118c        0x8 ./Core/Src/stm32f1xx_it.o
                0x0800118c                MemManage_Handler
 .text.BusFault_Handler
                0x08001194        0x8 ./Core/Src/stm32f1xx_it.o
                0x08001194                BusFault_Handler
 .text.UsageFault_Handler
                0x0800119c        0x8 ./Core/Src/stm32f1xx_it.o
                0x0800119c                UsageFault_Handler
 .text.DebugMon_Handler
                0x080011a4        0xc ./Core/Src/stm32f1xx_it.o
                0x080011a4                DebugMon_Handler
 .text.TIM4_IRQHandler
                0x080011b0       0x14 ./Core/Src/stm32f1xx_it.o
                0x080011b0                TIM4_IRQHandler
 .text.DMA1_Channel1_IRQHandler
                0x080011c4       0x48 ./Core/Src/stm32f1xx_it.o
                0x080011c4                DMA1_Channel1_IRQHandler
 .text.SystemInit
                0x0800120c        0xc ./Core/Src/system_stm32f1xx.o
                0x0800120c                SystemInit
 .text.Reset_Handler
                0x08001218       0x48 ./Core/Startup/startup_stm32f103c8tx.o
                0x08001218                Reset_Handler
 .text.Default_Handler
                0x08001260        0x2 ./Core/Startup/startup_stm32f103c8tx.o
                0x08001260                RTC_Alarm_IRQHandler
                0x08001260                EXTI2_IRQHandler
                0x08001260                TIM1_CC_IRQHandler
                0x08001260                PVD_IRQHandler
                0x08001260                EXTI3_IRQHandler
                0x08001260                EXTI0_IRQHandler
                0x08001260                I2C2_EV_IRQHandler
                0x08001260                ADC1_2_IRQHandler
                0x08001260                SPI1_IRQHandler
                0x08001260                TAMPER_IRQHandler
                0x08001260                DMA1_Channel4_IRQHandler
                0x08001260                USART3_IRQHandler
                0x08001260                RTC_IRQHandler
                0x08001260                DMA1_Channel7_IRQHandler
                0x08001260                CAN1_RX1_IRQHandler
                0x08001260                I2C1_EV_IRQHandler
                0x08001260                DMA1_Channel6_IRQHandler
                0x08001260                TIM3_IRQHandler
                0x08001260                RCC_IRQHandler
                0x08001260                TIM1_TRG_COM_IRQHandler
                0x08001260                Default_Handler
                0x08001260                EXTI15_10_IRQHandler
                0x08001260                EXTI9_5_IRQHandler
                0x08001260                SPI2_IRQHandler
                0x08001260                DMA1_Channel5_IRQHandler
                0x08001260                EXTI4_IRQHandler
                0x08001260                USB_LP_CAN1_RX0_IRQHandler
                0x08001260                USB_HP_CAN1_TX_IRQHandler
                0x08001260                DMA1_Channel3_IRQHandler
                0x08001260                TIM1_UP_IRQHandler
                0x08001260                WWDG_IRQHandler
                0x08001260                TIM2_IRQHandler
                0x08001260                TIM1_BRK_IRQHandler
                0x08001260                EXTI1_IRQHandler
                0x08001260                USART2_IRQHandler
                0x08001260                I2C2_ER_IRQHandler
                0x08001260                DMA1_Channel2_IRQHandler
                0x08001260                CAN1_SCE_IRQHandler
                0x08001260                FLASH_IRQHandler
                0x08001260                USART1_IRQHandler
                0x08001260                I2C1_ER_IRQHandler
                0x08001260                USBWakeUp_IRQHandler
 *fill*         0x08001262        0x2 
 .text.HAL_Init
                0x08001264       0x2c ./Drivers/STM32F1xx_HAL_Driver/Src/stm32f1xx_hal.o
                0x08001264                HAL_Init
 .text.HAL_IncTick
                0x08001290       0x24 ./Drivers/STM32F1xx_HAL_Driver/Src/stm32f1xx_hal.o
                0x08001290                HAL_IncTick
 .text.HAL_GetTick
                0x080012b4       0x14 ./Drivers/STM32F1xx_HAL_Driver/Src/stm32f1xx_hal.o
                0x080012b4                HAL_GetTick
 .text.HAL_ADC_Init
                0x080012c8      0x1b0 ./Drivers/STM32F1xx_HAL_Driver/Src/stm32f1xx_hal_adc.o
                0x080012c8                HAL_ADC_Init
 .text.HAL_ADC_Start_DMA
                0x08001478      0x1bc ./Drivers/STM32F1xx_HAL_Driver/Src/stm32f1xx_hal_adc.o
                0x08001478                HAL_ADC_Start_DMA
 .text.HAL_ADC_Stop_DMA
                0x08001634       0x98 ./Drivers/STM32F1xx_HAL_Driver/Src/stm32f1xx_hal_adc.o
                0x08001634                HAL_ADC_Stop_DMA
 .text.HAL_ADC_ConvCpltCallback
                0x080016cc       0x12 ./Drivers/STM32F1xx_HAL_Driver/Src/stm32f1xx_hal_adc.o
                0x080016cc                HAL_ADC_ConvCpltCallback
 .text.HAL_ADC_ConvHalfCpltCallback
                0x080016de       0x12 ./Drivers/STM32F1xx_HAL_Driver/Src/stm32f1xx_hal_adc.o
                0x080016de                HAL_ADC_ConvHalfCpltCallback
 .text.HAL_ADC_ErrorCallback
                0x080016f0       0x12 ./Drivers/STM32F1xx_HAL_Driver/Src/stm32f1xx_hal_adc.o
                0x080016f0                HAL_ADC_ErrorCallback
 *fill*         0x08001702        0x2 
 .text.HAL_ADC_ConfigChannel
                0x08001704      0x1f0 ./Drivers/STM32F1xx_HAL_Driver/Src/stm32f1xx_hal_adc.o
                0x08001704                HAL_ADC_ConfigChannel
 .text.ADC_Enable
                0x080018f4       0xb4 ./Drivers/STM32F1xx_HAL_Driver/Src/stm32f1xx_hal_adc.o
                0x080018f4                ADC_Enable
 .text.ADC_ConversionStop_Disable
                0x080019a8       0x82 ./Drivers/STM32F1xx_HAL_Driver/Src/stm32f1xx_hal_adc.o
                0x080019a8                ADC_ConversionStop_Disable
 .text.ADC_DMAConvCplt
                0x08001a2a       0x7c ./Drivers/STM32F1xx_HAL_Driver/Src/stm32f1xx_hal_adc.o
                0x08001a2a                ADC_DMAConvCplt
 .text.ADC_DMAHalfConvCplt
                0x08001aa6       0x1c ./Drivers/STM32F1xx_HAL_Driver/Src/stm32f1xx_hal_adc.o
                0x08001aa6                ADC_DMAHalfConvCplt
 .text.ADC_DMAError
                0x08001ac2       0x34 ./Drivers/STM32F1xx_HAL_Driver/Src/stm32f1xx_hal_adc.o
                0x08001ac2                ADC_DMAError
 *fill*         0x08001af6        0x2 
 .text.__NVIC_SetPriorityGrouping
                0x08001af8       0x48 ./Drivers/STM32F1xx_HAL_Driver/Src/stm32f1xx_hal_cortex.o
 .text.__NVIC_GetPriorityGrouping
                0x08001b40       0x1c ./Drivers/STM32F1xx_HAL_Driver/Src/stm32f1xx_hal_cortex.o
 .text.__NVIC_EnableIRQ
                0x08001b5c       0x38 ./Drivers/STM32F1xx_HAL_Driver/Src/stm32f1xx_hal_cortex.o
 .text.__NVIC_SetPriority
                0x08001b94       0x54 ./Drivers/STM32F1xx_HAL_Driver/Src/stm32f1xx_hal_cortex.o
 .text.NVIC_EncodePriority
                0x08001be8       0x64 ./Drivers/STM32F1xx_HAL_Driver/Src/stm32f1xx_hal_cortex.o
 .text.HAL_NVIC_SetPriorityGrouping
                0x08001c4c       0x16 ./Drivers/STM32F1xx_HAL_Driver/Src/stm32f1xx_hal_cortex.o
                0x08001c4c                HAL_NVIC_SetPriorityGrouping
 .text.HAL_NVIC_SetPriority
                0x08001c62       0x38 ./Drivers/STM32F1xx_HAL_Driver/Src/stm32f1xx_hal_cortex.o
                0x08001c62                HAL_NVIC_SetPriority
 .text.HAL_NVIC_EnableIRQ
                0x08001c9a       0x1c ./Drivers/STM32F1xx_HAL_Driver/Src/stm32f1xx_hal_cortex.o
                0x08001c9a                HAL_NVIC_EnableIRQ
 *fill*         0x08001cb6        0x2 
 .text.HAL_DMA_Init
                0x08001cb8       0xb4 ./Drivers/STM32F1xx_HAL_Driver/Src/stm32f1xx_hal_dma.o
                0x08001cb8                HAL_DMA_Init
 .text.HAL_DMA_Start_IT
                0x08001d6c       0xc0 ./Drivers/STM32F1xx_HAL_Driver/Src/stm32f1xx_hal_dma.o
                0x08001d6c                HAL_DMA_Start_IT
 .text.HAL_DMA_Abort
                0x08001e2c       0x76 ./Drivers/STM32F1xx_HAL_Driver/Src/stm32f1xx_hal_dma.o
                0x08001e2c                HAL_DMA_Abort
 *fill*         0x08001ea2        0x2 
 .text.HAL_DMA_IRQHandler
                0x08001ea4      0x20c ./Drivers/STM32F1xx_HAL_Driver/Src/stm32f1xx_hal_dma.o
                0x08001ea4                HAL_DMA_IRQHandler
 .text.DMA_SetConfig
                0x080020b0       0x5a ./Drivers/STM32F1xx_HAL_Driver/Src/stm32f1xx_hal_dma.o
 *fill*         0x0800210a        0x2 
 .text.HAL_GPIO_Init
                0x0800210c      0x308 ./Drivers/STM32F1xx_HAL_Driver/Src/stm32f1xx_hal_gpio.o
                0x0800210c                HAL_GPIO_Init
 .text.HAL_GPIO_ReadPin
                0x08002414       0x2e ./Drivers/STM32F1xx_HAL_Driver/Src/stm32f1xx_hal_gpio.o
                0x08002414                HAL_GPIO_ReadPin
 .text.HAL_GPIO_WritePin
                0x08002442       0x30 ./Drivers/STM32F1xx_HAL_Driver/Src/stm32f1xx_hal_gpio.o
                0x08002442                HAL_GPIO_WritePin
 *fill*         0x08002472        0x2 
 .text.HAL_RCC_OscConfig
                0x08002474      0x504 ./Drivers/STM32F1xx_HAL_Driver/Src/stm32f1xx_hal_rcc.o
                0x08002474                HAL_RCC_OscConfig
 .text.HAL_RCC_ClockConfig
                0x08002978      0x1d4 ./Drivers/STM32F1xx_HAL_Driver/Src/stm32f1xx_hal_rcc.o
                0x08002978                HAL_RCC_ClockConfig
 .text.HAL_RCC_GetSysClockFreq
                0x08002b4c       0xa8 ./Drivers/STM32F1xx_HAL_Driver/Src/stm32f1xx_hal_rcc.o
                0x08002b4c                HAL_RCC_GetSysClockFreq
 .text.HAL_RCC_GetHCLKFreq
                0x08002bf4       0x14 ./Drivers/STM32F1xx_HAL_Driver/Src/stm32f1xx_hal_rcc.o
                0x08002bf4                HAL_RCC_GetHCLKFreq
 .text.HAL_RCC_GetPCLK1Freq
                0x08002c08       0x28 ./Drivers/STM32F1xx_HAL_Driver/Src/stm32f1xx_hal_rcc.o
                0x08002c08                HAL_RCC_GetPCLK1Freq
 .text.HAL_RCC_GetClockConfig
                0x08002c30       0x60 ./Drivers/STM32F1xx_HAL_Driver/Src/stm32f1xx_hal_rcc.o
                0x08002c30                HAL_RCC_GetClockConfig
 .text.RCC_Delay
                0x08002c90       0x3c ./Drivers/STM32F1xx_HAL_Driver/Src/stm32f1xx_hal_rcc.o
 .text.HAL_RCCEx_PeriphCLKConfig
                0x08002ccc      0x16c ./Drivers/STM32F1xx_HAL_Driver/Src/stm32f1xx_hal_rcc_ex.o
                0x08002ccc                HAL_RCCEx_PeriphCLKConfig
 .text.HAL_TIM_Base_Init
                0x08002e38       0x9e ./Drivers/STM32F1xx_HAL_Driver/Src/stm32f1xx_hal_tim.o
                0x08002e38                HAL_TIM_Base_Init
 .text.HAL_TIM_Base_MspInit
                0x08002ed6       0x12 ./Drivers/STM32F1xx_HAL_Driver/Src/stm32f1xx_hal_tim.o
                0x08002ed6                HAL_TIM_Base_MspInit
 .text.HAL_TIM_Base_Start_IT
                0x08002ee8       0xa4 ./Drivers/STM32F1xx_HAL_Driver/Src/stm32f1xx_hal_tim.o
                0x08002ee8                HAL_TIM_Base_Start_IT
 .text.HAL_TIM_IRQHandler
                0x08002f8c      0x1e0 ./Drivers/STM32F1xx_HAL_Driver/Src/stm32f1xx_hal_tim.o
                0x08002f8c                HAL_TIM_IRQHandler
 .text.HAL_TIM_OC_DelayElapsedCallback
                0x0800316c       0x12 ./Drivers/STM32F1xx_HAL_Driver/Src/stm32f1xx_hal_tim.o
                0x0800316c                HAL_TIM_OC_DelayElapsedCallback
 .text.HAL_TIM_IC_CaptureCallback
                0x0800317e       0x12 ./Drivers/STM32F1xx_HAL_Driver/Src/stm32f1xx_hal_tim.o
                0x0800317e                HAL_TIM_IC_CaptureCallback
 .text.HAL_TIM_PWM_PulseFinishedCallback
                0x08003190       0x12 ./Drivers/STM32F1xx_HAL_Driver/Src/stm32f1xx_hal_tim.o
                0x08003190                HAL_TIM_PWM_PulseFinishedCallback
 .text.HAL_TIM_TriggerCallback
                0x080031a2       0x12 ./Drivers/STM32F1xx_HAL_Driver/Src/stm32f1xx_hal_tim.o
                0x080031a2                HAL_TIM_TriggerCallback
 .text.TIM_Base_SetConfig
                0x080031b4       0xdc ./Drivers/STM32F1xx_HAL_Driver/Src/stm32f1xx_hal_tim.o
                0x080031b4                TIM_Base_SetConfig
 .text.HAL_TIMEx_CommutCallback
                0x08003290       0x12 ./Drivers/STM32F1xx_HAL_Driver/Src/stm32f1xx_hal_tim_ex.o
                0x08003290                HAL_TIMEx_CommutCallback
 .text.HAL_TIMEx_BreakCallback
                0x080032a2       0x12 ./Drivers/STM32F1xx_HAL_Driver/Src/stm32f1xx_hal_tim_ex.o
                0x080032a2                HAL_TIMEx_BreakCallback
 .text.pxPortInitialiseStack
                0x080032b4       0x58 ./FreeRTOS/portable/GCC/ARM_CM3/port.o
                0x080032b4                pxPortInitialiseStack
 .text.prvTaskExitError
                0x0800330c       0x58 ./FreeRTOS/portable/GCC/ARM_CM3/port.o
 *fill*         0x08003364        0xc 
 .text.SVC_Handler
                0x08003370       0x28 ./FreeRTOS/portable/GCC/ARM_CM3/port.o
                0x08003370                SVC_Handler
 .text.prvPortStartFirstTask
                0x08003398       0x24 ./FreeRTOS/portable/GCC/ARM_CM3/port.o
 .text.xPortStartScheduler
                0x080033bc      0x17c ./FreeRTOS/portable/GCC/ARM_CM3/port.o
                0x080033bc                xPortStartScheduler
 .text.vPortEnterCritical
                0x08003538       0x60 ./FreeRTOS/portable/GCC/ARM_CM3/port.o
                0x08003538                vPortEnterCritical
 .text.vPortExitCritical
                0x08003598       0x54 ./FreeRTOS/portable/GCC/ARM_CM3/port.o
                0x08003598                vPortExitCritical
 *fill*         0x080035ec        0x4 
 .text.PendSV_Handler
                0x080035f0       0x48 ./FreeRTOS/portable/GCC/ARM_CM3/port.o
                0x080035f0                PendSV_Handler
 .text.SysTick_Handler
                0x08003638       0x44 ./FreeRTOS/portable/GCC/ARM_CM3/port.o
                0x08003638                SysTick_Handler
 .text.vPortSetupTimerInterrupt
                0x0800367c       0x34 ./FreeRTOS/portable/GCC/ARM_CM3/port.o
                0x0800367c                vPortSetupTimerInterrupt
 .text.vPortValidateInterruptPriority
                0x080036b0       0x80 ./FreeRTOS/portable/GCC/ARM_CM3/port.o
                0x080036b0                vPortValidateInterruptPriority
 .text.pvPortMalloc
                0x08003730      0x264 ./FreeRTOS/portable/MemMang/heap_4.o
                0x08003730                pvPortMalloc
 .text.vPortFree
                0x08003994       0xf4 ./FreeRTOS/portable/MemMang/heap_4.o
                0x08003994                vPortFree
 .text.prvHeapInit
                0x08003a88       0xb4 ./FreeRTOS/portable/MemMang/heap_4.o
 .text.prvInsertBlockIntoFreeList
                0x08003b3c       0xf4 ./FreeRTOS/portable/MemMang/heap_4.o
 .text.vListInitialise
                0x08003c30       0x3e ./FreeRTOS/source/list.o
                0x08003c30                vListInitialise
 .text.vListInitialiseItem
                0x08003c6e       0x18 ./FreeRTOS/source/list.o
                0x08003c6e                vListInitialiseItem
 .text.vListInsert
                0x08003c86       0x70 ./FreeRTOS/source/list.o
                0x08003c86                vListInsert
 .text.uxListRemove
                0x08003cf6       0x52 ./FreeRTOS/source/list.o
                0x08003cf6                uxListRemove
 .text.xQueueGenericReset
                0x08003d48      0x124 ./FreeRTOS/source/queue.o
                0x08003d48                xQueueGenericReset
 .text.xQueueGenericCreate
                0x08003e6c       0x9e ./FreeRTOS/source/queue.o
                0x08003e6c                xQueueGenericCreate
 .text.prvInitialiseNewQueue
                0x08003f0a       0x3e ./FreeRTOS/source/queue.o
 .text.xQueueGenericSend
                0x08003f48      0x204 ./FreeRTOS/source/queue.o
                0x08003f48                xQueueGenericSend
 .text.xQueueGiveFromISR
                0x0800414c      0x150 ./FreeRTOS/source/queue.o
                0x0800414c                xQueueGiveFromISR
 .text.xQueueReceive
                0x0800429c      0x1c4 ./FreeRTOS/source/queue.o
                0x0800429c                xQueueReceive
 .text.xQueueSemaphoreTake
                0x08004460      0x200 ./FreeRTOS/source/queue.o
                0x08004460                xQueueSemaphoreTake
 .text.prvGetDisinheritPriorityAfterTimeout
                0x08004660       0x2e ./FreeRTOS/source/queue.o
 .text.prvCopyDataToQueue
                0x0800468e       0xd4 ./FreeRTOS/source/queue.o
 .text.prvCopyDataFromQueue
                0x08004762       0x4c ./FreeRTOS/source/queue.o
 .text.prvUnlockQueue
                0x080047ae       0xa4 ./FreeRTOS/source/queue.o
 .text.prvIsQueueEmpty
                0x08004852       0x2c ./FreeRTOS/source/queue.o
 .text.prvIsQueueFull
                0x0800487e       0x30 ./FreeRTOS/source/queue.o
 .text.vQueueWaitForMessageRestricted
                0x080048ae       0x68 ./FreeRTOS/source/queue.o
                0x080048ae                vQueueWaitForMessageRestricted
 .text.prvCreateTask
                0x08004916       0x78 ./FreeRTOS/source/tasks.o
 .text.xTaskCreate
                0x0800498e       0x46 ./FreeRTOS/source/tasks.o
                0x0800498e                xTaskCreate
 .text.prvInitialiseNewTask
                0x080049d4      0x110 ./FreeRTOS/source/tasks.o
 .text.prvAddNewTaskToReadyList
                0x08004ae4      0x128 ./FreeRTOS/source/tasks.o
 .text.prvCreateIdleTasks
                0x08004c0c       0x94 ./FreeRTOS/source/tasks.o
 .text.vTaskStartScheduler
                0x08004ca0       0x88 ./FreeRTOS/source/tasks.o
                0x08004ca0                vTaskStartScheduler
 .text.vTaskSuspendAll
                0x08004d28       0x1c ./FreeRTOS/source/tasks.o
                0x08004d28                vTaskSuspendAll
 .text.xTaskResumeAll
                0x08004d44      0x210 ./FreeRTOS/source/tasks.o
                0x08004d44                xTaskResumeAll
 .text.xTaskGetTickCount
                0x08004f54       0x1c ./FreeRTOS/source/tasks.o
                0x08004f54                xTaskGetTickCount
 .text.uxTaskGetNumberOfTasks
                0x08004f70       0x14 ./FreeRTOS/source/tasks.o
                0x08004f70                uxTaskGetNumberOfTasks
 .text.xTaskIncrementTick
                0x08004f84      0x234 ./FreeRTOS/source/tasks.o
                0x08004f84                xTaskIncrementTick
 .text.vTaskSwitchContext
                0x080051b8       0xb8 ./FreeRTOS/source/tasks.o
                0x080051b8                vTaskSwitchContext
 .text.vTaskPlaceOnEventList
                0x08005270       0x4c ./FreeRTOS/source/tasks.o
                0x08005270                vTaskPlaceOnEventList
 .text.vTaskPlaceOnEventListRestricted
                0x080052bc       0x8c ./FreeRTOS/source/tasks.o
                0x080052bc                vTaskPlaceOnEventListRestricted
 .text.xTaskRemoveFromEventList
                0x08005348      0x1b0 ./FreeRTOS/source/tasks.o
                0x08005348                xTaskRemoveFromEventList
 .text.vTaskInternalSetTimeOutState
                0x080054f8       0x2c ./FreeRTOS/source/tasks.o
                0x080054f8                vTaskInternalSetTimeOutState
 .text.xTaskCheckForTimeOut
                0x08005524       0xc0 ./FreeRTOS/source/tasks.o
                0x08005524                xTaskCheckForTimeOut
 .text.vTaskMissedYield
                0x080055e4       0x18 ./FreeRTOS/source/tasks.o
                0x080055e4                vTaskMissedYield
 .text.prvIdleTask
                0x080055fc       0x30 ./FreeRTOS/source/tasks.o
 .text.prvInitialiseTaskLists
                0x0800562c       0x6c ./FreeRTOS/source/tasks.o
 .text.prvCheckTasksWaitingTermination
                0x08005698        0xc ./FreeRTOS/source/tasks.o
 .text.prvResetNextTaskUnblockTime
                0x080056a4       0x34 ./FreeRTOS/source/tasks.o
 .text.xTaskGetSchedulerState
                0x080056d8       0x3c ./FreeRTOS/source/tasks.o
                0x080056d8                xTaskGetSchedulerState
 .text.xTaskPriorityInherit
                0x08005714      0x140 ./FreeRTOS/source/tasks.o
                0x08005714                xTaskPriorityInherit
 .text.xTaskPriorityDisinherit
                0x08005854      0x150 ./FreeRTOS/source/tasks.o
                0x08005854                xTaskPriorityDisinherit
 .text.vTaskPriorityDisinheritAfterTimeout
                0x080059a4      0x178 ./FreeRTOS/source/tasks.o
                0x080059a4                vTaskPriorityDisinheritAfterTimeout
 .text.pvTaskIncrementMutexHeldCount
                0x08005b1c       0x2c ./FreeRTOS/source/tasks.o
                0x08005b1c                pvTaskIncrementMutexHeldCount
 .text.prvAddCurrentTaskToDelayedList
                0x08005b48       0xac ./FreeRTOS/source/tasks.o
 .text.xTimerCreateTimerTask
                0x08005bf4       0x64 ./FreeRTOS/source/timers.o
                0x08005bf4                xTimerCreateTimerTask
 .text.prvReloadTimer
                0x08005c58       0x42 ./FreeRTOS/source/timers.o
 *fill*         0x08005c9a        0x2 
 .text.prvProcessExpiredTimer
                0x08005c9c       0x60 ./FreeRTOS/source/timers.o
 .text.prvTimerTask
                0x08005cfc       0x26 ./FreeRTOS/source/timers.o
 *fill*         0x08005d22        0x2 
 .text.prvProcessTimerOrBlockTask
                0x08005d24       0x9c ./FreeRTOS/source/timers.o
 .text.prvGetNextExpireTime
                0x08005dc0       0x44 ./FreeRTOS/source/timers.o
 .text.prvSampleTimeNow
                0x08005e04       0x40 ./FreeRTOS/source/timers.o
 .text.prvInsertTimerInActiveList
                0x08005e44       0x84 ./FreeRTOS/source/timers.o
 .text.prvProcessReceivedCommands
                0x08005ec8      0x190 ./FreeRTOS/source/timers.o
 .text.prvSwitchTimerLists
                0x08006058       0x4c ./FreeRTOS/source/timers.o
 .text.prvCheckForValidListAndQueue
                0x080060a4       0x54 ./FreeRTOS/source/timers.o
 .text.memset   0x080060f8       0x10 D:/STM32/stm32cubeide/STM32CubeIDE/plugins/com.st.stm32cube.ide.mcu.externaltools.gnu-tools-for-stm32.12.3.rel1.win32_1.0.200.202406191623/tools/bin/../lib/gcc/arm-none-eabi/12.3.1/../../../../arm-none-eabi/lib/thumb/v7-m/nofp\libc_nano.a(libc_a-memset.o)
                0x080060f8                memset
 .text.__libc_init_array
                0x08006108       0x48 D:/STM32/stm32cubeide/STM32CubeIDE/plugins/com.st.stm32cube.ide.mcu.externaltools.gnu-tools-for-stm32.12.3.rel1.win32_1.0.200.202406191623/tools/bin/../lib/gcc/arm-none-eabi/12.3.1/../../../../arm-none-eabi/lib/thumb/v7-m/nofp\libc_nano.a(libc_a-init.o)
                0x08006108                __libc_init_array
 .text.memcpy   0x08006150       0x1c D:/STM32/stm32cubeide/STM32CubeIDE/plugins/com.st.stm32cube.ide.mcu.externaltools.gnu-tools-for-stm32.12.3.rel1.win32_1.0.200.202406191623/tools/bin/../lib/gcc/arm-none-eabi/12.3.1/../../../../arm-none-eabi/lib/thumb/v7-m/nofp\libc_nano.a(libc_a-memcpy-stub.o)
                0x08006150                memcpy
 *(.glue_7)
 .glue_7        0x0800616c        0x0 linker stubs
 *(.glue_7t)
 .glue_7t       0x0800616c        0x0 linker stubs
 *(.eh_frame)
 .eh_frame      0x0800616c        0x0 D:/STM32/stm32cubeide/STM32CubeIDE/plugins/com.st.stm32cube.ide.mcu.externaltools.gnu-tools-for-stm32.12.3.rel1.win32_1.0.200.202406191623/tools/bin/../lib/gcc/arm-none-eabi/12.3.1/thumb/v7-m/nofp/crtbegin.o
 *(.init)
 .init          0x0800616c        0x4 D:/STM32/stm32cubeide/STM32CubeIDE/plugins/com.st.stm32cube.ide.mcu.externaltools.gnu-tools-for-stm32.12.3.rel1.win32_1.0.200.202406191623/tools/bin/../lib/gcc/arm-none-eabi/12.3.1/thumb/v7-m/nofp/crti.o
                0x0800616c                _init
 .init          0x08006170        0x8 D:/STM32/stm32cubeide/STM32CubeIDE/plugins/com.st.stm32cube.ide.mcu.externaltools.gnu-tools-for-stm32.12.3.rel1.win32_1.0.200.202406191623/tools/bin/../lib/gcc/arm-none-eabi/12.3.1/thumb/v7-m/nofp/crtn.o
 *(.fini)
 .fini          0x08006178        0x4 D:/STM32/stm32cubeide/STM32CubeIDE/plugins/com.st.stm32cube.ide.mcu.externaltools.gnu-tools-for-stm32.12.3.rel1.win32_1.0.200.202406191623/tools/bin/../lib/gcc/arm-none-eabi/12.3.1/thumb/v7-m/nofp/crti.o
                0x08006178                _fini
 .fini          0x0800617c        0x8 D:/STM32/stm32cubeide/STM32CubeIDE/plugins/com.st.stm32cube.ide.mcu.externaltools.gnu-tools-for-stm32.12.3.rel1.win32_1.0.200.202406191623/tools/bin/../lib/gcc/arm-none-eabi/12.3.1/thumb/v7-m/nofp/crtn.o
                0x08006184                        . = ALIGN (0x4)
                0x08006184                        _etext = .

.vfp11_veneer   0x08006184        0x0
 .vfp11_veneer  0x08006184        0x0 linker stubs

.v4_bx          0x08006184        0x0
 .v4_bx         0x08006184        0x0 linker stubs

.iplt           0x08006184        0x0
 .iplt          0x08006184        0x0 D:/STM32/stm32cubeide/STM32CubeIDE/plugins/com.st.stm32cube.ide.mcu.externaltools.gnu-tools-for-stm32.12.3.rel1.win32_1.0.200.202406191623/tools/bin/../lib/gcc/arm-none-eabi/12.3.1/thumb/v7-m/nofp/crtbegin.o

.rodata         0x08006184       0x84
                0x08006184                        . = ALIGN (0x4)
 *(.rodata)
 .rodata        0x08006184       0x48 ./Core/Src/SrcFiles/FreeRTOS_project.o
 .rodata        0x080061cc        0x5 ./FreeRTOS/source/tasks.o
 *fill*         0x080061d1        0x3 
 .rodata        0x080061d4        0x8 ./FreeRTOS/source/timers.o
 *(.rodata*)
 .rodata.AHBPrescTable
                0x080061dc       0x10 ./Core/Src/system_stm32f1xx.o
                0x080061dc                AHBPrescTable
 .rodata.APBPrescTable
                0x080061ec        0x8 ./Core/Src/system_stm32f1xx.o
                0x080061ec                APBPrescTable
 .rodata.aPLLMULFactorTable.1
                0x080061f4       0x10 ./Drivers/STM32F1xx_HAL_Driver/Src/stm32f1xx_hal_rcc.o
 .rodata.aPredivFactorTable.0
                0x08006204        0x2 ./Drivers/STM32F1xx_HAL_Driver/Src/stm32f1xx_hal_rcc.o
                0x08006208                        . = ALIGN (0x4)
 *fill*         0x08006206        0x2 

.ARM.extab      0x08006208        0x0
                0x08006208                        . = ALIGN (0x4)
 *(.ARM.extab* .gnu.linkonce.armextab.*)
                0x08006208                        . = ALIGN (0x4)

.ARM            0x08006208        0x0
                0x08006208                        . = ALIGN (0x4)
                0x08006208                        __exidx_start = .
 *(.ARM.exidx*)
                0x08006208                        __exidx_end = .
                0x08006208                        . = ALIGN (0x4)

.preinit_array  0x08006208        0x0
                0x08006208                        . = ALIGN (0x4)
                0x08006208                        PROVIDE (__preinit_array_start = .)
 *(.preinit_array*)
                0x08006208                        PROVIDE (__preinit_array_end = .)
                0x08006208                        . = ALIGN (0x4)

.init_array     0x08006208        0x4
                0x08006208                        . = ALIGN (0x4)
                0x08006208                        PROVIDE (__init_array_start = .)
 *(SORT_BY_NAME(.init_array.*))
 *(.init_array*)
 .init_array    0x08006208        0x4 D:/STM32/stm32cubeide/STM32CubeIDE/plugins/com.st.stm32cube.ide.mcu.externaltools.gnu-tools-for-stm32.12.3.rel1.win32_1.0.200.202406191623/tools/bin/../lib/gcc/arm-none-eabi/12.3.1/thumb/v7-m/nofp/crtbegin.o
                0x0800620c                        PROVIDE (__init_array_end = .)
                0x0800620c                        . = ALIGN (0x4)

.fini_array     0x0800620c        0x4
                0x0800620c                        . = ALIGN (0x4)
                [!provide]                        PROVIDE (__fini_array_start = .)
 *(SORT_BY_NAME(.fini_array.*))
 *(.fini_array*)
 .fini_array    0x0800620c        0x4 D:/STM32/stm32cubeide/STM32CubeIDE/plugins/com.st.stm32cube.ide.mcu.externaltools.gnu-tools-for-stm32.12.3.rel1.win32_1.0.200.202406191623/tools/bin/../lib/gcc/arm-none-eabi/12.3.1/thumb/v7-m/nofp/crtbegin.o
                [!provide]                        PROVIDE (__fini_array_end = .)
                0x08006210                        . = ALIGN (0x4)
                0x08006210                        _sidata = LOADADDR (.data)

.rel.dyn        0x08006210        0x0
 .rel.iplt      0x08006210        0x0 D:/STM32/stm32cubeide/STM32CubeIDE/plugins/com.st.stm32cube.ide.mcu.externaltools.gnu-tools-for-stm32.12.3.rel1.win32_1.0.200.202406191623/tools/bin/../lib/gcc/arm-none-eabi/12.3.1/thumb/v7-m/nofp/crtbegin.o

.data           0x20000000       0x18 load address 0x08006210
                0x20000000                        . = ALIGN (0x4)
                0x20000000                        _sdata = .
 *(.data)
 *(.data*)
 .data.pwm_value.2
                0x20000000        0x1 ./Core/Src/SrcFiles/FreeRTOS_project.o
 *fill*         0x20000001        0x3 
 .data.SystemCoreClock
                0x20000004        0x4 ./Core/Src/system_stm32f1xx.o
                0x20000004                SystemCoreClock
 .data.uwTickPrio
                0x20000008        0x4 ./Drivers/STM32F1xx_HAL_Driver/Src/stm32f1xx_hal.o
                0x20000008                uwTickPrio
 .data.uwTickFreq
                0x2000000c        0x1 ./Drivers/STM32F1xx_HAL_Driver/Src/stm32f1xx_hal.o
                0x2000000c                uwTickFreq
 *fill*         0x2000000d        0x3 
 .data.uxCriticalNesting
                0x20000010        0x4 ./FreeRTOS/portable/GCC/ARM_CM3/port.o
 .data.uxTopUsedPriority
                0x20000014        0x4 ./FreeRTOS/source/tasks.o
 *(.RamFunc)
 *(.RamFunc*)
                0x20000018                        . = ALIGN (0x4)
                0x20000018                        _edata = .

.igot.plt       0x20000018        0x0 load address 0x08006228
 .igot.plt      0x20000018        0x0 D:/STM32/stm32cubeide/STM32CubeIDE/plugins/com.st.stm32cube.ide.mcu.externaltools.gnu-tools-for-stm32.12.3.rel1.win32_1.0.200.202406191623/tools/bin/../lib/gcc/arm-none-eabi/12.3.1/thumb/v7-m/nofp/crtbegin.o
                0x20000018                        . = ALIGN (0x4)

.bss            0x20000018     0x4654 load address 0x08006228
                0x20000018                        _sbss = .
                0x20000018                        __bss_start__ = _sbss
 *(.bss)
 .bss           0x20000018       0x1c D:/STM32/stm32cubeide/STM32CubeIDE/plugins/com.st.stm32cube.ide.mcu.externaltools.gnu-tools-for-stm32.12.3.rel1.win32_1.0.200.202406191623/tools/bin/../lib/gcc/arm-none-eabi/12.3.1/thumb/v7-m/nofp/crtbegin.o
 *(.bss*)
 .bss.vGetAdcDataTaskHandle
                0x20000034        0x4 ./Core/Src/SrcFiles/FreeRTOS_project.o
                0x20000034                vGetAdcDataTaskHandle
 .bss.vMotorControlTaskHandle
                0x20000038        0x4 ./Core/Src/SrcFiles/FreeRTOS_project.o
                0x20000038                vMotorControlTaskHandle
 .bss.vLedIndicationTaskHandle
                0x2000003c        0x4 ./Core/Src/SrcFiles/FreeRTOS_project.o
                0x2000003c                vLedIndicationTaskHandle
 .bss.vButtonTaskHandle
                0x20000040        0x4 ./Core/Src/SrcFiles/FreeRTOS_project.o
                0x20000040                vButtonTaskHandle
 .bss.xAdcSemaphore
                0x20000044        0x4 ./Core/Src/SrcFiles/FreeRTOS_project.o
                0x20000044                xAdcSemaphore
 .bss.xAdcQueue
                0x20000048        0x4 ./Core/Src/SrcFiles/FreeRTOS_project.o
                0x20000048                xAdcQueue
 .bss.xMotorStatusQueue
                0x2000004c        0x4 ./Core/Src/SrcFiles/FreeRTOS_project.o
                0x2000004c                xMotorStatusQueue
 .bss.xfLedQueue
                0x20000050        0x4 ./Core/Src/SrcFiles/FreeRTOS_project.o
                0x20000050                xfLedQueue
 .bss.adc_poten.6
                0x20000054       0x14 ./Core/Src/SrcFiles/FreeRTOS_project.o
 .bss.value.5   0x20000068        0x2 ./Core/Src/SrcFiles/FreeRTOS_project.o
 .bss.i.4       0x2000006a        0x1 ./Core/Src/SrcFiles/FreeRTOS_project.o
 .bss.fArrayIsFull.3
                0x2000006b        0x1 ./Core/Src/SrcFiles/FreeRTOS_project.o
 .bss.pState.1  0x2000006c        0x1 ./Core/Src/SrcFiles/FreeRTOS_project.o
 *fill*         0x2000006d        0x3 
 .bss.tmr.0     0x20000070        0x4 ./Core/Src/SrcFiles/FreeRTOS_project.o
 .bss.hadc1     0x20000074       0x30 ./Core/Src/main.o
                0x20000074                hadc1
 .bss.hdma_adc1
                0x200000a4       0x44 ./Core/Src/main.o
                0x200000a4                hdma_adc1
 .bss.htim4     0x200000e8       0x48 ./Core/Src/stm32f1xx_hal_timebase_tim.o
                0x200000e8                htim4
 .bss.uwTick    0x20000130        0x4 ./Drivers/STM32F1xx_HAL_Driver/Src/stm32f1xx_hal.o
                0x20000130                uwTick
 .bss.ucMaxSysCallPriority
                0x20000134        0x1 ./FreeRTOS/portable/GCC/ARM_CM3/port.o
 *fill*         0x20000135        0x3 
 .bss.ulMaxPRIGROUPValue
                0x20000138        0x4 ./FreeRTOS/portable/GCC/ARM_CM3/port.o
 .bss.ucHeap    0x2000013c     0x4400 ./FreeRTOS/portable/MemMang/heap_4.o
 .bss.xStart    0x2000453c        0x8 ./FreeRTOS/portable/MemMang/heap_4.o
 .bss.pxEnd     0x20004544        0x4 ./FreeRTOS/portable/MemMang/heap_4.o
 .bss.xFreeBytesRemaining
                0x20004548        0x4 ./FreeRTOS/portable/MemMang/heap_4.o
 .bss.xMinimumEverFreeBytesRemaining
                0x2000454c        0x4 ./FreeRTOS/portable/MemMang/heap_4.o
 .bss.xNumberOfSuccessfulAllocations
                0x20004550        0x4 ./FreeRTOS/portable/MemMang/heap_4.o
 .bss.xNumberOfSuccessfulFrees
                0x20004554        0x4 ./FreeRTOS/portable/MemMang/heap_4.o
 .bss.pxCurrentTCB
                0x20004558        0x4 ./FreeRTOS/source/tasks.o
                0x20004558                pxCurrentTCB
 .bss.pxReadyTasksLists
                0x2000455c       0x64 ./FreeRTOS/source/tasks.o
 .bss.xDelayedTaskList1
                0x200045c0       0x14 ./FreeRTOS/source/tasks.o
 .bss.xDelayedTaskList2
                0x200045d4       0x14 ./FreeRTOS/source/tasks.o
 .bss.pxDelayedTaskList
                0x200045e8        0x4 ./FreeRTOS/source/tasks.o
 .bss.pxOverflowDelayedTaskList
                0x200045ec        0x4 ./FreeRTOS/source/tasks.o
 .bss.xPendingReadyList
                0x200045f0       0x14 ./FreeRTOS/source/tasks.o
 .bss.uxCurrentNumberOfTasks
                0x20004604        0x4 ./FreeRTOS/source/tasks.o
 .bss.xTickCount
                0x20004608        0x4 ./FreeRTOS/source/tasks.o
 .bss.uxTopReadyPriority
                0x2000460c        0x4 ./FreeRTOS/source/tasks.o
 .bss.xSchedulerRunning
                0x20004610        0x4 ./FreeRTOS/source/tasks.o
 .bss.xPendedTicks
                0x20004614        0x4 ./FreeRTOS/source/tasks.o
 .bss.xYieldPendings
                0x20004618        0x4 ./FreeRTOS/source/tasks.o
 .bss.xNumOfOverflows
                0x2000461c        0x4 ./FreeRTOS/source/tasks.o
 .bss.uxTaskNumber
                0x20004620        0x4 ./FreeRTOS/source/tasks.o
 .bss.xNextTaskUnblockTime
                0x20004624        0x4 ./FreeRTOS/source/tasks.o
 .bss.xIdleTaskHandles
                0x20004628        0x4 ./FreeRTOS/source/tasks.o
 .bss.uxSchedulerSuspended
                0x2000462c        0x4 ./FreeRTOS/source/tasks.o
 .bss.xActiveTimerList1
                0x20004630       0x14 ./FreeRTOS/source/timers.o
 .bss.xActiveTimerList2
                0x20004644       0x14 ./FreeRTOS/source/timers.o
 .bss.pxCurrentTimerList
                0x20004658        0x4 ./FreeRTOS/source/timers.o
 .bss.pxOverflowTimerList
                0x2000465c        0x4 ./FreeRTOS/source/timers.o
 .bss.xTimerQueue
                0x20004660        0x4 ./FreeRTOS/source/timers.o
 .bss.xTimerTaskHandle
                0x20004664        0x4 ./FreeRTOS/source/timers.o
 .bss.xLastTime.0
                0x20004668        0x4 ./FreeRTOS/source/timers.o
 *(COMMON)
                0x2000466c                        . = ALIGN (0x4)
                0x2000466c                        _ebss = .
                0x2000466c                        __bss_end__ = _ebss

._user_heap_stack
                0x2000466c      0x604 load address 0x08006228
                0x20004670                        . = ALIGN (0x8)
 *fill*         0x2000466c        0x4 
                [!provide]                        PROVIDE (end = .)
                0x20004670                        PROVIDE (_end = .)
                0x20004870                        . = (. + _Min_Heap_Size)
 *fill*         0x20004670      0x200 
                0x20004c70                        . = (. + _Min_Stack_Size)
 *fill*         0x20004870      0x400 
                0x20004c70                        . = ALIGN (0x8)

/DISCARD/
 libc.a(*)
 libm.a(*)
 libgcc.a(*)

.ARM.attributes
                0x00000000       0x29
 *(.ARM.attributes)
 .ARM.attributes
                0x00000000       0x1d D:/STM32/stm32cubeide/STM32CubeIDE/plugins/com.st.stm32cube.ide.mcu.externaltools.gnu-tools-for-stm32.12.3.rel1.win32_1.0.200.202406191623/tools/bin/../lib/gcc/arm-none-eabi/12.3.1/thumb/v7-m/nofp/crti.o
 .ARM.attributes
                0x0000001d       0x2d D:/STM32/stm32cubeide/STM32CubeIDE/plugins/com.st.stm32cube.ide.mcu.externaltools.gnu-tools-for-stm32.12.3.rel1.win32_1.0.200.202406191623/tools/bin/../lib/gcc/arm-none-eabi/12.3.1/thumb/v7-m/nofp/crtbegin.o
 .ARM.attributes
                0x0000004a       0x2d ./Core/Src/SrcFiles/FreeRTOS_priority_settings.o
 .ARM.attributes
                0x00000077       0x2d ./Core/Src/SrcFiles/FreeRTOS_project.o
 .ARM.attributes
                0x000000a4       0x2d ./Core/Src/SrcFiles/led_control.o
 .ARM.attributes
                0x000000d1       0x2d ./Core/Src/SrcFiles/port_settings.o
 .ARM.attributes
                0x000000fe       0x2d ./Core/Src/main.o
 .ARM.attributes
                0x0000012b       0x2d ./Core/Src/stm32f1xx_hal_msp.o
 .ARM.attributes
                0x00000158       0x2d ./Core/Src/stm32f1xx_hal_timebase_tim.o
 .ARM.attributes
                0x00000185       0x2d ./Core/Src/stm32f1xx_it.o
 .ARM.attributes
                0x000001b2       0x2d ./Core/Src/system_stm32f1xx.o
 .ARM.attributes
                0x000001df       0x21 ./Core/Startup/startup_stm32f103c8tx.o
 .ARM.attributes
                0x00000200       0x2d ./Drivers/STM32F1xx_HAL_Driver/Src/stm32f1xx_hal.o
 .ARM.attributes
                0x0000022d       0x2d ./Drivers/STM32F1xx_HAL_Driver/Src/stm32f1xx_hal_adc.o
 .ARM.attributes
                0x0000025a       0x2d ./Drivers/STM32F1xx_HAL_Driver/Src/stm32f1xx_hal_cortex.o
 .ARM.attributes
                0x00000287       0x2d ./Drivers/STM32F1xx_HAL_Driver/Src/stm32f1xx_hal_dma.o
 .ARM.attributes
                0x000002b4       0x2d ./Drivers/STM32F1xx_HAL_Driver/Src/stm32f1xx_hal_gpio.o
 .ARM.attributes
                0x000002e1       0x2d ./Drivers/STM32F1xx_HAL_Driver/Src/stm32f1xx_hal_rcc.o
 .ARM.attributes
                0x0000030e       0x2d ./Drivers/STM32F1xx_HAL_Driver/Src/stm32f1xx_hal_rcc_ex.o
 .ARM.attributes
                0x0000033b       0x2d ./Drivers/STM32F1xx_HAL_Driver/Src/stm32f1xx_hal_tim.o
 .ARM.attributes
                0x00000368       0x2d ./Drivers/STM32F1xx_HAL_Driver/Src/stm32f1xx_hal_tim_ex.o
 .ARM.attributes
                0x00000395       0x2d ./FreeRTOS/portable/GCC/ARM_CM3/port.o
 .ARM.attributes
                0x000003c2       0x2d ./FreeRTOS/portable/MemMang/heap_4.o
 .ARM.attributes
                0x000003ef       0x2d ./FreeRTOS/source/list.o
 .ARM.attributes
                0x0000041c       0x2d ./FreeRTOS/source/queue.o
 .ARM.attributes
                0x00000449       0x2d ./FreeRTOS/source/tasks.o
 .ARM.attributes
                0x00000476       0x2d ./FreeRTOS/source/timers.o
 .ARM.attributes
                0x000004a3       0x2d D:/STM32/stm32cubeide/STM32CubeIDE/plugins/com.st.stm32cube.ide.mcu.externaltools.gnu-tools-for-stm32.12.3.rel1.win32_1.0.200.202406191623/tools/bin/../lib/gcc/arm-none-eabi/12.3.1/../../../../arm-none-eabi/lib/thumb/v7-m/nofp\libc_nano.a(libc_a-memset.o)
 .ARM.attributes
                0x000004d0       0x2d D:/STM32/stm32cubeide/STM32CubeIDE/plugins/com.st.stm32cube.ide.mcu.externaltools.gnu-tools-for-stm32.12.3.rel1.win32_1.0.200.202406191623/tools/bin/../lib/gcc/arm-none-eabi/12.3.1/../../../../arm-none-eabi/lib/thumb/v7-m/nofp\libc_nano.a(libc_a-init.o)
 .ARM.attributes
                0x000004fd       0x2d D:/STM32/stm32cubeide/STM32CubeIDE/plugins/com.st.stm32cube.ide.mcu.externaltools.gnu-tools-for-stm32.12.3.rel1.win32_1.0.200.202406191623/tools/bin/../lib/gcc/arm-none-eabi/12.3.1/../../../../arm-none-eabi/lib/thumb/v7-m/nofp\libc_nano.a(libc_a-memcpy-stub.o)
 .ARM.attributes
                0x0000052a       0x1d D:/STM32/stm32cubeide/STM32CubeIDE/plugins/com.st.stm32cube.ide.mcu.externaltools.gnu-tools-for-stm32.12.3.rel1.win32_1.0.200.202406191623/tools/bin/../lib/gcc/arm-none-eabi/12.3.1/thumb/v7-m/nofp\libgcc.a(_arm_mulsf3.o)
 .ARM.attributes
                0x00000547       0x1d D:/STM32/stm32cubeide/STM32CubeIDE/plugins/com.st.stm32cube.ide.mcu.externaltools.gnu-tools-for-stm32.12.3.rel1.win32_1.0.200.202406191623/tools/bin/../lib/gcc/arm-none-eabi/12.3.1/thumb/v7-m/nofp\libgcc.a(_arm_addsubsf3.o)
 .ARM.attributes
                0x00000564       0x1d D:/STM32/stm32cubeide/STM32CubeIDE/plugins/com.st.stm32cube.ide.mcu.externaltools.gnu-tools-for-stm32.12.3.rel1.win32_1.0.200.202406191623/tools/bin/../lib/gcc/arm-none-eabi/12.3.1/thumb/v7-m/nofp\libgcc.a(_arm_fixunssfsi.o)
 .ARM.attributes
                0x00000581       0x1d D:/STM32/stm32cubeide/STM32CubeIDE/plugins/com.st.stm32cube.ide.mcu.externaltools.gnu-tools-for-stm32.12.3.rel1.win32_1.0.200.202406191623/tools/bin/../lib/gcc/arm-none-eabi/12.3.1/thumb/v7-m/nofp/crtn.o
OUTPUT(RP.elf elf32-littlearm)
LOAD linker stubs
LOAD D:/STM32/stm32cubeide/STM32CubeIDE/plugins/com.st.stm32cube.ide.mcu.externaltools.gnu-tools-for-stm32.12.3.rel1.win32_1.0.200.202406191623/tools/bin/../lib/gcc/arm-none-eabi/12.3.1/../../../../arm-none-eabi/lib/thumb/v7-m/nofp\libc.a
LOAD D:/STM32/stm32cubeide/STM32CubeIDE/plugins/com.st.stm32cube.ide.mcu.externaltools.gnu-tools-for-stm32.12.3.rel1.win32_1.0.200.202406191623/tools/bin/../lib/gcc/arm-none-eabi/12.3.1/../../../../arm-none-eabi/lib/thumb/v7-m/nofp\libm.a
LOAD D:/STM32/stm32cubeide/STM32CubeIDE/plugins/com.st.stm32cube.ide.mcu.externaltools.gnu-tools-for-stm32.12.3.rel1.win32_1.0.200.202406191623/tools/bin/../lib/gcc/arm-none-eabi/12.3.1/thumb/v7-m/nofp\libgcc.a

.debug_info     0x00000000     0xfef1
 .debug_info    0x00000000      0x228 ./Core/Src/SrcFiles/FreeRTOS_priority_settings.o
 .debug_info    0x00000228      0xc07 ./Core/Src/SrcFiles/FreeRTOS_project.o
 .debug_info    0x00000e2f      0x1a7 ./Core/Src/SrcFiles/led_control.o
 .debug_info    0x00000fd6      0x2d3 ./Core/Src/SrcFiles/port_settings.o
 .debug_info    0x000012a9      0xf71 ./Core/Src/main.o
 .debug_info    0x0000221a      0x81d ./Core/Src/stm32f1xx_hal_msp.o
 .debug_info    0x00002a37      0x9a8 ./Core/Src/stm32f1xx_hal_timebase_tim.o
 .debug_info    0x000033df      0x711 ./Core/Src/stm32f1xx_it.o
 .debug_info    0x00003af0      0x222 ./Core/Src/system_stm32f1xx.o
 .debug_info    0x00003d12       0x30 ./Core/Startup/startup_stm32f103c8tx.o
 .debug_info    0x00003d42      0x704 ./Drivers/STM32F1xx_HAL_Driver/Src/stm32f1xx_hal.o
 .debug_info    0x00004446      0xc50 ./Drivers/STM32F1xx_HAL_Driver/Src/stm32f1xx_hal_adc.o
 .debug_info    0x00005096      0xa87 ./Drivers/STM32F1xx_HAL_Driver/Src/stm32f1xx_hal_cortex.o
 .debug_info    0x00005b1d      0x6d2 ./Drivers/STM32F1xx_HAL_Driver/Src/stm32f1xx_hal_dma.o
 .debug_info    0x000061ef      0x5ab ./Drivers/STM32F1xx_HAL_Driver/Src/stm32f1xx_hal_gpio.o
 .debug_info    0x0000679a      0x7d5 ./Drivers/STM32F1xx_HAL_Driver/Src/stm32f1xx_hal_rcc.o
 .debug_info    0x00006f6f      0x3c0 ./Drivers/STM32F1xx_HAL_Driver/Src/stm32f1xx_hal_rcc_ex.o
 .debug_info    0x0000732f     0x2959 ./Drivers/STM32F1xx_HAL_Driver/Src/stm32f1xx_hal_tim.o
 .debug_info    0x00009c88     0x149b ./Drivers/STM32F1xx_HAL_Driver/Src/stm32f1xx_hal_tim_ex.o
 .debug_info    0x0000b123      0x52b ./FreeRTOS/portable/GCC/ARM_CM3/port.o
 .debug_info    0x0000b64e      0x5d7 ./FreeRTOS/portable/MemMang/heap_4.o
 .debug_info    0x0000bc25      0x2aa ./FreeRTOS/source/list.o
 .debug_info    0x0000becf     0x153f ./FreeRTOS/source/queue.o
 .debug_info    0x0000d40e     0x1c66 ./FreeRTOS/source/tasks.o
 .debug_info    0x0000f074      0xe7d ./FreeRTOS/source/timers.o

.debug_abbrev   0x00000000     0x3177
 .debug_abbrev  0x00000000       0x97 ./Core/Src/SrcFiles/FreeRTOS_priority_settings.o
 .debug_abbrev  0x00000097      0x287 ./Core/Src/SrcFiles/FreeRTOS_project.o
 .debug_abbrev  0x0000031e       0xf3 ./Core/Src/SrcFiles/led_control.o
 .debug_abbrev  0x00000411       0xb3 ./Core/Src/SrcFiles/port_settings.o
 .debug_abbrev  0x000004c4      0x2d0 ./Core/Src/main.o
 .debug_abbrev  0x00000794      0x1e3 ./Core/Src/stm32f1xx_hal_msp.o
 .debug_abbrev  0x00000977      0x1f3 ./Core/Src/stm32f1xx_hal_timebase_tim.o
 .debug_abbrev  0x00000b6a      0x1d1 ./Core/Src/stm32f1xx_it.o
 .debug_abbrev  0x00000d3b      0x13f ./Core/Src/system_stm32f1xx.o
 .debug_abbrev  0x00000e7a       0x24 ./Core/Startup/startup_stm32f103c8tx.o
 .debug_abbrev  0x00000e9e      0x201 ./Drivers/STM32F1xx_HAL_Driver/Src/stm32f1xx_hal.o
 .debug_abbrev  0x0000109f      0x225 ./Drivers/STM32F1xx_HAL_Driver/Src/stm32f1xx_hal_adc.o
 .debug_abbrev  0x000012c4      0x2f8 ./Drivers/STM32F1xx_HAL_Driver/Src/stm32f1xx_hal_cortex.o
 .debug_abbrev  0x000015bc      0x20b ./Drivers/STM32F1xx_HAL_Driver/Src/stm32f1xx_hal_dma.o
 .debug_abbrev  0x000017c7      0x1ca ./Drivers/STM32F1xx_HAL_Driver/Src/stm32f1xx_hal_gpio.o
 .debug_abbrev  0x00001991      0x2b3 ./Drivers/STM32F1xx_HAL_Driver/Src/stm32f1xx_hal_rcc.o
 .debug_abbrev  0x00001c44      0x188 ./Drivers/STM32F1xx_HAL_Driver/Src/stm32f1xx_hal_rcc_ex.o
 .debug_abbrev  0x00001dcc      0x277 ./Drivers/STM32F1xx_HAL_Driver/Src/stm32f1xx_hal_tim.o
 .debug_abbrev  0x00002043      0x282 ./Drivers/STM32F1xx_HAL_Driver/Src/stm32f1xx_hal_tim_ex.o
 .debug_abbrev  0x000022c5      0x255 ./FreeRTOS/portable/GCC/ARM_CM3/port.o
 .debug_abbrev  0x0000251a      0x25a ./FreeRTOS/portable/MemMang/heap_4.o
 .debug_abbrev  0x00002774       0xee ./FreeRTOS/source/list.o
 .debug_abbrev  0x00002862      0x2ce ./FreeRTOS/source/queue.o
 .debug_abbrev  0x00002b30      0x36f ./FreeRTOS/source/tasks.o
 .debug_abbrev  0x00002e9f      0x2d8 ./FreeRTOS/source/timers.o

.debug_aranges  0x00000000     0x1038
 .debug_aranges
                0x00000000       0x20 ./Core/Src/SrcFiles/FreeRTOS_priority_settings.o
 .debug_aranges
                0x00000020       0x58 ./Core/Src/SrcFiles/FreeRTOS_project.o
 .debug_aranges
                0x00000078       0x20 ./Core/Src/SrcFiles/led_control.o
 .debug_aranges
                0x00000098       0x20 ./Core/Src/SrcFiles/port_settings.o
 .debug_aranges
                0x000000b8       0x50 ./Core/Src/main.o
 .debug_aranges
                0x00000108       0x30 ./Core/Src/stm32f1xx_hal_msp.o
 .debug_aranges
                0x00000138       0x30 ./Core/Src/stm32f1xx_hal_timebase_tim.o
 .debug_aranges
                0x00000168       0x58 ./Core/Src/stm32f1xx_it.o
 .debug_aranges
                0x000001c0       0x28 ./Core/Src/system_stm32f1xx.o
 .debug_aranges
                0x000001e8       0x28 ./Core/Startup/startup_stm32f103c8tx.o
 .debug_aranges
                0x00000210       0xe0 ./Drivers/STM32F1xx_HAL_Driver/Src/stm32f1xx_hal.o
 .debug_aranges
                0x000002f0       0xf0 ./Drivers/STM32F1xx_HAL_Driver/Src/stm32f1xx_hal_adc.o
 .debug_aranges
                0x000003e0      0x100 ./Drivers/STM32F1xx_HAL_Driver/Src/stm32f1xx_hal_cortex.o
 .debug_aranges
                0x000004e0       0x80 ./Drivers/STM32F1xx_HAL_Driver/Src/stm32f1xx_hal_dma.o
 .debug_aranges
                0x00000560       0x58 ./Drivers/STM32F1xx_HAL_Driver/Src/stm32f1xx_hal_gpio.o
 .debug_aranges
                0x000005b8       0x90 ./Drivers/STM32F1xx_HAL_Driver/Src/stm32f1xx_hal_rcc.o
 .debug_aranges
                0x00000648       0x30 ./Drivers/STM32F1xx_HAL_Driver/Src/stm32f1xx_hal_rcc_ex.o
 .debug_aranges
                0x00000678      0x3d0 ./Drivers/STM32F1xx_HAL_Driver/Src/stm32f1xx_hal_tim.o
 .debug_aranges
                0x00000a48      0x168 ./Drivers/STM32F1xx_HAL_Driver/Src/stm32f1xx_hal_tim_ex.o
 .debug_aranges
                0x00000bb0       0x78 ./FreeRTOS/portable/GCC/ARM_CM3/port.o
 .debug_aranges
                0x00000c28       0x68 ./FreeRTOS/portable/MemMang/heap_4.o
 .debug_aranges
                0x00000c90       0x40 ./FreeRTOS/source/list.o
 .debug_aranges
                0x00000cd0       0xf8 ./FreeRTOS/source/queue.o
 .debug_aranges
                0x00000dc8      0x188 ./FreeRTOS/source/tasks.o
 .debug_aranges
                0x00000f50       0xe8 ./FreeRTOS/source/timers.o

.debug_rnglists
                0x00000000      0xc63
 .debug_rnglists
                0x00000000       0x13 ./Core/Src/SrcFiles/FreeRTOS_priority_settings.o
 .debug_rnglists
                0x00000013       0x40 ./Core/Src/SrcFiles/FreeRTOS_project.o
 .debug_rnglists
                0x00000053       0x14 ./Core/Src/SrcFiles/led_control.o
 .debug_rnglists
                0x00000067       0x14 ./Core/Src/SrcFiles/port_settings.o
 .debug_rnglists
                0x0000007b       0x39 ./Core/Src/main.o
 .debug_rnglists
                0x000000b4       0x20 ./Core/Src/stm32f1xx_hal_msp.o
 .debug_rnglists
                0x000000d4       0x20 ./Core/Src/stm32f1xx_hal_timebase_tim.o
 .debug_rnglists
                0x000000f4       0x3d ./Core/Src/stm32f1xx_it.o
 .debug_rnglists
                0x00000131       0x1a ./Core/Src/system_stm32f1xx.o
 .debug_rnglists
                0x0000014b       0x19 ./Core/Startup/startup_stm32f103c8tx.o
 .debug_rnglists
                0x00000164       0xa3 ./Drivers/STM32F1xx_HAL_Driver/Src/stm32f1xx_hal.o
 .debug_rnglists
                0x00000207       0xbc ./Drivers/STM32F1xx_HAL_Driver/Src/stm32f1xx_hal_adc.o
 .debug_rnglists
                0x000002c3       0xbb ./Drivers/STM32F1xx_HAL_Driver/Src/stm32f1xx_hal_cortex.o
 .debug_rnglists
                0x0000037e       0x64 ./Drivers/STM32F1xx_HAL_Driver/Src/stm32f1xx_hal_dma.o
 .debug_rnglists
                0x000003e2       0x3f ./Drivers/STM32F1xx_HAL_Driver/Src/stm32f1xx_hal_gpio.o
 .debug_rnglists
                0x00000421       0x6c ./Drivers/STM32F1xx_HAL_Driver/Src/stm32f1xx_hal_rcc.o
 .debug_rnglists
                0x0000048d       0x21 ./Drivers/STM32F1xx_HAL_Driver/Src/stm32f1xx_hal_rcc_ex.o
 .debug_rnglists
                0x000004ae      0x31a ./Drivers/STM32F1xx_HAL_Driver/Src/stm32f1xx_hal_tim.o
 .debug_rnglists
                0x000007c8      0x125 ./Drivers/STM32F1xx_HAL_Driver/Src/stm32f1xx_hal_tim_ex.o
 .debug_rnglists
                0x000008ed       0x57 ./FreeRTOS/portable/GCC/ARM_CM3/port.o
 .debug_rnglists
                0x00000944       0x4e ./FreeRTOS/portable/MemMang/heap_4.o
 .debug_rnglists
                0x00000992       0x2b ./FreeRTOS/source/list.o
 .debug_rnglists
                0x000009bd       0xc1 ./FreeRTOS/source/queue.o
 .debug_rnglists
                0x00000a7e      0x137 ./FreeRTOS/source/tasks.o
 .debug_rnglists
                0x00000bb5       0xae ./FreeRTOS/source/timers.o

.debug_macro    0x00000000    0x1b16f
 .debug_macro   0x00000000      0x359 ./Core/Src/SrcFiles/FreeRTOS_priority_settings.o
 .debug_macro   0x00000359      0xaa8 ./Core/Src/SrcFiles/FreeRTOS_priority_settings.o
 .debug_macro   0x00000e01      0x221 ./Core/Src/SrcFiles/FreeRTOS_priority_settings.o
 .debug_macro   0x00001022       0x2e ./Core/Src/SrcFiles/FreeRTOS_priority_settings.o
 .debug_macro   0x00001050       0x22 ./Core/Src/SrcFiles/FreeRTOS_priority_settings.o
 .debug_macro   0x00001072       0x22 ./Core/Src/SrcFiles/FreeRTOS_priority_settings.o
 .debug_macro   0x00001094       0x8e ./Core/Src/SrcFiles/FreeRTOS_priority_settings.o
 .debug_macro   0x00001122       0x51 ./Core/Src/SrcFiles/FreeRTOS_priority_settings.o
 .debug_macro   0x00001173      0x103 ./Core/Src/SrcFiles/FreeRTOS_priority_settings.o
 .debug_macro   0x00001276       0x6a ./Core/Src/SrcFiles/FreeRTOS_priority_settings.o
 .debug_macro   0x000012e0      0x1df ./Core/Src/SrcFiles/FreeRTOS_priority_settings.o
 .debug_macro   0x000014bf       0x1c ./Core/Src/SrcFiles/FreeRTOS_priority_settings.o
 .debug_macro   0x000014db       0x22 ./Core/Src/SrcFiles/FreeRTOS_priority_settings.o
 .debug_macro   0x000014fd       0xbd ./Core/Src/SrcFiles/FreeRTOS_priority_settings.o
 .debug_macro   0x000015ba      0xd23 ./Core/Src/SrcFiles/FreeRTOS_priority_settings.o
 .debug_macro   0x000022dd     0xe09e ./Core/Src/SrcFiles/FreeRTOS_priority_settings.o
 .debug_macro   0x0001037b       0x6d ./Core/Src/SrcFiles/FreeRTOS_priority_settings.o
 .debug_macro   0x000103e8     0x34a2 ./Core/Src/SrcFiles/FreeRTOS_priority_settings.o
 .debug_macro   0x0001388a      0x189 ./Core/Src/SrcFiles/FreeRTOS_priority_settings.o
 .debug_macro   0x00013a13       0x5c ./Core/Src/SrcFiles/FreeRTOS_priority_settings.o
 .debug_macro   0x00013a6f      0x5bc ./Core/Src/SrcFiles/FreeRTOS_priority_settings.o
 .debug_macro   0x0001402b      0x289 ./Core/Src/SrcFiles/FreeRTOS_priority_settings.o
 .debug_macro   0x000142b4      0x1cb ./Core/Src/SrcFiles/FreeRTOS_priority_settings.o
 .debug_macro   0x0001447f      0x114 ./Core/Src/SrcFiles/FreeRTOS_priority_settings.o
 .debug_macro   0x00014593      0x1b2 ./Core/Src/SrcFiles/FreeRTOS_priority_settings.o
 .debug_macro   0x00014745       0x27 ./Core/Src/SrcFiles/FreeRTOS_priority_settings.o
 .debug_macro   0x0001476c      0x136 ./Core/Src/SrcFiles/FreeRTOS_priority_settings.o
 .debug_macro   0x000148a2      0x1bc ./Core/Src/SrcFiles/FreeRTOS_priority_settings.o
 .debug_macro   0x00014a5e       0x34 ./Core/Src/SrcFiles/FreeRTOS_priority_settings.o
 .debug_macro   0x00014a92       0x3c ./Core/Src/SrcFiles/FreeRTOS_priority_settings.o
 .debug_macro   0x00014ace       0x57 ./Core/Src/SrcFiles/FreeRTOS_priority_settings.o
 .debug_macro   0x00014b25      0x46a ./Core/Src/SrcFiles/FreeRTOS_priority_settings.o
 .debug_macro   0x00014f8f      0x1b5 ./Core/Src/SrcFiles/FreeRTOS_priority_settings.o
 .debug_macro   0x00015144       0x87 ./Core/Src/SrcFiles/FreeRTOS_priority_settings.o
 .debug_macro   0x000151cb      0x240 ./Core/Src/SrcFiles/FreeRTOS_priority_settings.o
 .debug_macro   0x0001540b      0x140 ./Core/Src/SrcFiles/FreeRTOS_priority_settings.o
 .debug_macro   0x0001554b      0x8ed ./Core/Src/SrcFiles/FreeRTOS_priority_settings.o
 .debug_macro   0x00015e38       0x83 ./Core/Src/SrcFiles/FreeRTOS_priority_settings.o
 .debug_macro   0x00015ebb       0x58 ./Core/Src/SrcFiles/FreeRTOS_priority_settings.o
 .debug_macro   0x00015f13       0x61 ./Core/Src/SrcFiles/FreeRTOS_priority_settings.o
 .debug_macro   0x00015f74       0x24 ./Core/Src/SrcFiles/FreeRTOS_priority_settings.o
 .debug_macro   0x00015f98       0x43 ./Core/Src/SrcFiles/FreeRTOS_priority_settings.o
 .debug_macro   0x00015fdb       0x34 ./Core/Src/SrcFiles/FreeRTOS_priority_settings.o
 .debug_macro   0x0001600f       0x16 ./Core/Src/SrcFiles/FreeRTOS_priority_settings.o
 .debug_macro   0x00016025       0x43 ./Core/Src/SrcFiles/FreeRTOS_priority_settings.o
 .debug_macro   0x00016068       0x34 ./Core/Src/SrcFiles/FreeRTOS_priority_settings.o
 .debug_macro   0x0001609c       0x10 ./Core/Src/SrcFiles/FreeRTOS_priority_settings.o
 .debug_macro   0x000160ac       0x58 ./Core/Src/SrcFiles/FreeRTOS_priority_settings.o
 .debug_macro   0x00016104       0x8e ./Core/Src/SrcFiles/FreeRTOS_priority_settings.o
 .debug_macro   0x00016192       0x1c ./Core/Src/SrcFiles/FreeRTOS_priority_settings.o
 .debug_macro   0x000161ae      0x177 ./Core/Src/SrcFiles/FreeRTOS_priority_settings.o
 .debug_macro   0x00016325      0x369 ./Core/Src/SrcFiles/FreeRTOS_priority_settings.o
 .debug_macro   0x0001668e       0x10 ./Core/Src/SrcFiles/FreeRTOS_priority_settings.o
 .debug_macro   0x0001669e       0x35 ./Core/Src/SrcFiles/FreeRTOS_priority_settings.o
 .debug_macro   0x000166d3       0x20 ./Core/Src/SrcFiles/FreeRTOS_priority_settings.o
 .debug_macro   0x000166f3       0x16 ./Core/Src/SrcFiles/FreeRTOS_priority_settings.o
 .debug_macro   0x00016709      0x10c ./Core/Src/SrcFiles/FreeRTOS_priority_settings.o
 .debug_macro   0x00016815       0x1c ./Core/Src/SrcFiles/FreeRTOS_priority_settings.o
 .debug_macro   0x00016831      0x182 ./Core/Src/SrcFiles/FreeRTOS_priority_settings.o
 .debug_macro   0x000169b3       0xee ./Core/Src/SrcFiles/FreeRTOS_priority_settings.o
 .debug_macro   0x00016aa1       0x2e ./Core/Src/SrcFiles/FreeRTOS_priority_settings.o
 .debug_macro   0x00016acf       0x1f ./Core/Src/SrcFiles/FreeRTOS_priority_settings.o
 .debug_macro   0x00016aee       0x12 ./Core/Src/SrcFiles/FreeRTOS_priority_settings.o
 .debug_macro   0x00016b00     0x10f6 ./Core/Src/SrcFiles/FreeRTOS_priority_settings.o
 .debug_macro   0x00017bf6       0xc3 ./Core/Src/SrcFiles/FreeRTOS_priority_settings.o
 .debug_macro   0x00017cb9      0x14f ./Core/Src/SrcFiles/FreeRTOS_priority_settings.o
 .debug_macro   0x00017e08       0x80 ./Core/Src/SrcFiles/FreeRTOS_priority_settings.o
 .debug_macro   0x00017e88       0x62 ./Core/Src/SrcFiles/FreeRTOS_priority_settings.o
 .debug_macro   0x00017eea      0x35f ./Core/Src/SrcFiles/FreeRTOS_project.o
 .debug_macro   0x00018249      0x1c6 ./Core/Src/SrcFiles/led_control.o
 .debug_macro   0x0001840f      0x1c6 ./Core/Src/SrcFiles/port_settings.o
 .debug_macro   0x000185d5      0x359 ./Core/Src/main.o
 .debug_macro   0x0001892e      0x1bc ./Core/Src/stm32f1xx_hal_msp.o
 .debug_macro   0x00018aea      0x1ad ./Core/Src/stm32f1xx_hal_timebase_tim.o
 .debug_macro   0x00018c97      0x363 ./Core/Src/stm32f1xx_it.o
 .debug_macro   0x00018ffa      0x1ad ./Core/Src/system_stm32f1xx.o
 .debug_macro   0x000191a7      0x1d1 ./Drivers/STM32F1xx_HAL_Driver/Src/stm32f1xx_hal.o
 .debug_macro   0x00019378      0x1ca ./Drivers/STM32F1xx_HAL_Driver/Src/stm32f1xx_hal_adc.o
 .debug_macro   0x00019542      0x1ad ./Drivers/STM32F1xx_HAL_Driver/Src/stm32f1xx_hal_cortex.o
 .debug_macro   0x000196ef      0x1ad ./Drivers/STM32F1xx_HAL_Driver/Src/stm32f1xx_hal_dma.o
 .debug_macro   0x0001989c      0x218 ./Drivers/STM32F1xx_HAL_Driver/Src/stm32f1xx_hal_gpio.o
 .debug_macro   0x00019ab4      0x1bf ./Drivers/STM32F1xx_HAL_Driver/Src/stm32f1xx_hal_rcc.o
 .debug_macro   0x00019c73      0x1ad ./Drivers/STM32F1xx_HAL_Driver/Src/stm32f1xx_hal_rcc_ex.o
 .debug_macro   0x00019e20      0x1ae ./Drivers/STM32F1xx_HAL_Driver/Src/stm32f1xx_hal_tim.o
 .debug_macro   0x00019fce      0x1ad ./Drivers/STM32F1xx_HAL_Driver/Src/stm32f1xx_hal_tim_ex.o
 .debug_macro   0x0001a17b      0x1ab ./FreeRTOS/portable/GCC/ARM_CM3/port.o
 .debug_macro   0x0001a326      0x10c ./FreeRTOS/portable/GCC/ARM_CM3/port.o
 .debug_macro   0x0001a432      0x237 ./FreeRTOS/portable/MemMang/heap_4.o
 .debug_macro   0x0001a669      0x11c ./FreeRTOS/portable/MemMang/heap_4.o
 .debug_macro   0x0001a785       0x94 ./FreeRTOS/portable/MemMang/heap_4.o
 .debug_macro   0x0001a819       0x16 ./FreeRTOS/portable/MemMang/heap_4.o
 .debug_macro   0x0001a82f      0x1a2 ./FreeRTOS/source/list.o
 .debug_macro   0x0001a9d1      0x239 ./FreeRTOS/source/queue.o
 .debug_macro   0x0001ac0a      0x2bf ./FreeRTOS/source/tasks.o
 .debug_macro   0x0001aec9       0x17 ./FreeRTOS/source/tasks.o
 .debug_macro   0x0001aee0      0x1f1 ./FreeRTOS/source/timers.o
 .debug_macro   0x0001b0d1       0x9e ./FreeRTOS/source/timers.o

.debug_line     0x00000000    0x14b68
 .debug_line    0x00000000      0xa43 ./Core/Src/SrcFiles/FreeRTOS_priority_settings.o
 .debug_line    0x00000a43      0xca0 ./Core/Src/SrcFiles/FreeRTOS_project.o
 .debug_line    0x000016e3      0x780 ./Core/Src/SrcFiles/led_control.o
 .debug_line    0x00001e63      0x886 ./Core/Src/SrcFiles/port_settings.o
 .debug_line    0x000026e9      0xb7c ./Core/Src/main.o
 .debug_line    0x00003265      0x778 ./Core/Src/stm32f1xx_hal_msp.o
 .debug_line    0x000039dd      0x78a ./Core/Src/stm32f1xx_hal_timebase_tim.o
 .debug_line    0x00004167      0xaf4 ./Core/Src/stm32f1xx_it.o
 .debug_line    0x00004c5b      0x78c ./Core/Src/system_stm32f1xx.o
 .debug_line    0x000053e7       0x78 ./Core/Startup/startup_stm32f103c8tx.o
 .debug_line    0x0000545f      0x9b9 ./Drivers/STM32F1xx_HAL_Driver/Src/stm32f1xx_hal.o
 .debug_line    0x00005e18     0x1036 ./Drivers/STM32F1xx_HAL_Driver/Src/stm32f1xx_hal_adc.o
 .debug_line    0x00006e4e      0xba5 ./Drivers/STM32F1xx_HAL_Driver/Src/stm32f1xx_hal_cortex.o
 .debug_line    0x000079f3      0xe12 ./Drivers/STM32F1xx_HAL_Driver/Src/stm32f1xx_hal_dma.o
 .debug_line    0x00008805      0xa52 ./Drivers/STM32F1xx_HAL_Driver/Src/stm32f1xx_hal_gpio.o
 .debug_line    0x00009257      0xdc2 ./Drivers/STM32F1xx_HAL_Driver/Src/stm32f1xx_hal_rcc.o
 .debug_line    0x0000a019      0x903 ./Drivers/STM32F1xx_HAL_Driver/Src/stm32f1xx_hal_rcc_ex.o
 .debug_line    0x0000a91c     0x34de ./Drivers/STM32F1xx_HAL_Driver/Src/stm32f1xx_hal_tim.o
 .debug_line    0x0000ddfa     0x1908 ./Drivers/STM32F1xx_HAL_Driver/Src/stm32f1xx_hal_tim_ex.o
 .debug_line    0x0000f702      0x866 ./FreeRTOS/portable/GCC/ARM_CM3/port.o
 .debug_line    0x0000ff68      0xb36 ./FreeRTOS/portable/MemMang/heap_4.o
 .debug_line    0x00010a9e      0x78f ./FreeRTOS/source/list.o
 .debug_line    0x0001122d     0x1466 ./FreeRTOS/source/queue.o
 .debug_line    0x00012693     0x1788 ./FreeRTOS/source/tasks.o
 .debug_line    0x00013e1b      0xd4d ./FreeRTOS/source/timers.o

.debug_str      0x00000000    0x9c036
 .debug_str     0x00000000    0x94ef4 ./Core/Src/SrcFiles/FreeRTOS_priority_settings.o
                              0x952e3 (size before relaxing)
 .debug_str     0x00094ef4      0x663 ./Core/Src/SrcFiles/FreeRTOS_project.o
                              0x95745 (size before relaxing)
 .debug_str     0x00095557       0x45 ./Core/Src/SrcFiles/led_control.o
                              0x86617 (size before relaxing)
 .debug_str     0x0009559c       0x6f ./Core/Src/SrcFiles/port_settings.o
                              0x86643 (size before relaxing)
 .debug_str     0x0009560b      0x57b ./Core/Src/main.o
                              0x95c90 (size before relaxing)
 .debug_str     0x00095b86       0xad ./Core/Src/stm32f1xx_hal_msp.o
                              0x869e2 (size before relaxing)
 .debug_str     0x00095c33      0x107 ./Core/Src/stm32f1xx_hal_timebase_tim.o
                              0x86d7d (size before relaxing)
 .debug_str     0x00095d3a       0xf3 ./Core/Src/stm32f1xx_it.o
                              0x955a3 (size before relaxing)
 .debug_str     0x00095e2d       0x7e ./Core/Src/system_stm32f1xx.o
                              0x864b5 (size before relaxing)
 .debug_str     0x00095eab       0x44 ./Core/Startup/startup_stm32f103c8tx.o
                                 0x67 (size before relaxing)
 .debug_str     0x00095eef      0x321 ./Drivers/STM32F1xx_HAL_Driver/Src/stm32f1xx_hal.o
                              0x86be8 (size before relaxing)
 .debug_str     0x00096210      0x375 ./Drivers/STM32F1xx_HAL_Driver/Src/stm32f1xx_hal_adc.o
                              0x86b99 (size before relaxing)
 .debug_str     0x00096585      0x2a8 ./Drivers/STM32F1xx_HAL_Driver/Src/stm32f1xx_hal_cortex.o
                              0x86b34 (size before relaxing)
 .debug_str     0x0009682d      0x1e7 ./Drivers/STM32F1xx_HAL_Driver/Src/stm32f1xx_hal_dma.o
                              0x8685e (size before relaxing)
 .debug_str     0x00096a14      0x2d0 ./Drivers/STM32F1xx_HAL_Driver/Src/stm32f1xx_hal_gpio.o
                              0x8683b (size before relaxing)
 .debug_str     0x00096ce4      0x1f3 ./Drivers/STM32F1xx_HAL_Driver/Src/stm32f1xx_hal_rcc.o
                              0x868e4 (size before relaxing)
 .debug_str     0x00096ed7       0x84 ./Drivers/STM32F1xx_HAL_Driver/Src/stm32f1xx_hal_rcc_ex.o
                              0x86634 (size before relaxing)
 .debug_str     0x00096f5b      0xe3e ./Drivers/STM32F1xx_HAL_Driver/Src/stm32f1xx_hal_tim.o
                              0x878e6 (size before relaxing)
 .debug_str     0x00097d99      0x503 ./Drivers/STM32F1xx_HAL_Driver/Src/stm32f1xx_hal_tim_ex.o
                              0x870f2 (size before relaxing)
 .debug_str     0x0009829c      0x8b3 ./FreeRTOS/portable/GCC/ARM_CM3/port.o
                               0xf465 (size before relaxing)
 .debug_str     0x00098b4f      0x856 ./FreeRTOS/portable/MemMang/heap_4.o
                              0x1258a (size before relaxing)
 .debug_str     0x000993a5      0x119 ./FreeRTOS/source/list.o
                              0x10a3a (size before relaxing)
 .debug_str     0x000994be      0xa97 ./FreeRTOS/source/queue.o
                              0x131f5 (size before relaxing)
 .debug_str     0x00099f55     0x1bcf ./FreeRTOS/source/tasks.o
                              0x13e4a (size before relaxing)
 .debug_str     0x0009bb24      0x512 ./FreeRTOS/source/timers.o
                              0x135ea (size before relaxing)

.comment        0x00000000       0x43
 .comment       0x00000000       0x43 ./Core/Src/SrcFiles/FreeRTOS_priority_settings.o
                                 0x44 (size before relaxing)
 .comment       0x00000043       0x44 ./Core/Src/SrcFiles/FreeRTOS_project.o
 .comment       0x00000043       0x44 ./Core/Src/SrcFiles/led_control.o
 .comment       0x00000043       0x44 ./Core/Src/SrcFiles/port_settings.o
 .comment       0x00000043       0x44 ./Core/Src/main.o
 .comment       0x00000043       0x44 ./Core/Src/stm32f1xx_hal_msp.o
 .comment       0x00000043       0x44 ./Core/Src/stm32f1xx_hal_timebase_tim.o
 .comment       0x00000043       0x44 ./Core/Src/stm32f1xx_it.o
 .comment       0x00000043       0x44 ./Core/Src/system_stm32f1xx.o
 .comment       0x00000043       0x44 ./Drivers/STM32F1xx_HAL_Driver/Src/stm32f1xx_hal.o
 .comment       0x00000043       0x44 ./Drivers/STM32F1xx_HAL_Driver/Src/stm32f1xx_hal_adc.o
 .comment       0x00000043       0x44 ./Drivers/STM32F1xx_HAL_Driver/Src/stm32f1xx_hal_cortex.o
 .comment       0x00000043       0x44 ./Drivers/STM32F1xx_HAL_Driver/Src/stm32f1xx_hal_dma.o
 .comment       0x00000043       0x44 ./Drivers/STM32F1xx_HAL_Driver/Src/stm32f1xx_hal_gpio.o
 .comment       0x00000043       0x44 ./Drivers/STM32F1xx_HAL_Driver/Src/stm32f1xx_hal_rcc.o
 .comment       0x00000043       0x44 ./Drivers/STM32F1xx_HAL_Driver/Src/stm32f1xx_hal_rcc_ex.o
 .comment       0x00000043       0x44 ./Drivers/STM32F1xx_HAL_Driver/Src/stm32f1xx_hal_tim.o
 .comment       0x00000043       0x44 ./Drivers/STM32F1xx_HAL_Driver/Src/stm32f1xx_hal_tim_ex.o
 .comment       0x00000043       0x44 ./FreeRTOS/portable/GCC/ARM_CM3/port.o
 .comment       0x00000043       0x44 ./FreeRTOS/portable/MemMang/heap_4.o
 .comment       0x00000043       0x44 ./FreeRTOS/source/list.o
 .comment       0x00000043       0x44 ./FreeRTOS/source/queue.o
 .comment       0x00000043       0x44 ./FreeRTOS/source/tasks.o
 .comment       0x00000043       0x44 ./FreeRTOS/source/timers.o

.debug_frame    0x00000000     0x417c
 .debug_frame   0x00000000       0x2c ./Core/Src/SrcFiles/FreeRTOS_priority_settings.o
 .debug_frame   0x0000002c      0x108 ./Core/Src/SrcFiles/FreeRTOS_project.o
 .debug_frame   0x00000134       0x34 ./Core/Src/SrcFiles/led_control.o
 .debug_frame   0x00000168       0x38 ./Core/Src/SrcFiles/port_settings.o
 .debug_frame   0x000001a0       0xf8 ./Core/Src/main.o
 .debug_frame   0x00000298       0x80 ./Core/Src/stm32f1xx_hal_msp.o
 .debug_frame   0x00000318       0x74 ./Core/Src/stm32f1xx_hal_timebase_tim.o
 .debug_frame   0x0000038c       0xe8 ./Core/Src/stm32f1xx_it.o
 .debug_frame   0x00000474       0x58 ./Core/Src/system_stm32f1xx.o
 .debug_frame   0x000004cc      0x334 ./Drivers/STM32F1xx_HAL_Driver/Src/stm32f1xx_hal.o
 .debug_frame   0x00000800      0x40c ./Drivers/STM32F1xx_HAL_Driver/Src/stm32f1xx_hal_adc.o
 .debug_frame   0x00000c0c      0x428 ./Drivers/STM32F1xx_HAL_Driver/Src/stm32f1xx_hal_cortex.o
 .debug_frame   0x00001034      0x208 ./Drivers/STM32F1xx_HAL_Driver/Src/stm32f1xx_hal_dma.o
 .debug_frame   0x0000123c      0x14c ./Drivers/STM32F1xx_HAL_Driver/Src/stm32f1xx_hal_gpio.o
 .debug_frame   0x00001388      0x218 ./Drivers/STM32F1xx_HAL_Driver/Src/stm32f1xx_hal_rcc.o
 .debug_frame   0x000015a0       0x80 ./Drivers/STM32F1xx_HAL_Driver/Src/stm32f1xx_hal_rcc_ex.o
 .debug_frame   0x00001620     0x11b8 ./Drivers/STM32F1xx_HAL_Driver/Src/stm32f1xx_hal_tim.o
 .debug_frame   0x000027d8      0x638 ./Drivers/STM32F1xx_HAL_Driver/Src/stm32f1xx_hal_tim_ex.o
 .debug_frame   0x00002e10      0x198 ./FreeRTOS/portable/GCC/ARM_CM3/port.o
 .debug_frame   0x00002fa8      0x174 ./FreeRTOS/portable/MemMang/heap_4.o
 .debug_frame   0x0000311c       0xd8 ./FreeRTOS/source/list.o
 .debug_frame   0x000031f4      0x41c ./FreeRTOS/source/queue.o
 .debug_frame   0x00003610      0x6a8 ./FreeRTOS/source/tasks.o
 .debug_frame   0x00003cb8      0x3bc ./FreeRTOS/source/timers.o
 .debug_frame   0x00004074       0x20 D:/STM32/stm32cubeide/STM32CubeIDE/plugins/com.st.stm32cube.ide.mcu.externaltools.gnu-tools-for-stm32.12.3.rel1.win32_1.0.200.202406191623/tools/bin/../lib/gcc/arm-none-eabi/12.3.1/../../../../arm-none-eabi/lib/thumb/v7-m/nofp\libc_nano.a(libc_a-memset.o)
 .debug_frame   0x00004094       0x2c D:/STM32/stm32cubeide/STM32CubeIDE/plugins/com.st.stm32cube.ide.mcu.externaltools.gnu-tools-for-stm32.12.3.rel1.win32_1.0.200.202406191623/tools/bin/../lib/gcc/arm-none-eabi/12.3.1/../../../../arm-none-eabi/lib/thumb/v7-m/nofp\libc_nano.a(libc_a-init.o)
 .debug_frame   0x000040c0       0x28 D:/STM32/stm32cubeide/STM32CubeIDE/plugins/com.st.stm32cube.ide.mcu.externaltools.gnu-tools-for-stm32.12.3.rel1.win32_1.0.200.202406191623/tools/bin/../lib/gcc/arm-none-eabi/12.3.1/../../../../arm-none-eabi/lib/thumb/v7-m/nofp\libc_nano.a(libc_a-memcpy-stub.o)
 .debug_frame   0x000040e8       0x24 D:/STM32/stm32cubeide/STM32CubeIDE/plugins/com.st.stm32cube.ide.mcu.externaltools.gnu-tools-for-stm32.12.3.rel1.win32_1.0.200.202406191623/tools/bin/../lib/gcc/arm-none-eabi/12.3.1/thumb/v7-m/nofp\libgcc.a(_arm_mulsf3.o)
 .debug_frame   0x0000410c       0x4c D:/STM32/stm32cubeide/STM32CubeIDE/plugins/com.st.stm32cube.ide.mcu.externaltools.gnu-tools-for-stm32.12.3.rel1.win32_1.0.200.202406191623/tools/bin/../lib/gcc/arm-none-eabi/12.3.1/thumb/v7-m/nofp\libgcc.a(_arm_addsubsf3.o)
 .debug_frame   0x00004158       0x24 D:/STM32/stm32cubeide/STM32CubeIDE/plugins/com.st.stm32cube.ide.mcu.externaltools.gnu-tools-for-stm32.12.3.rel1.win32_1.0.200.202406191623/tools/bin/../lib/gcc/arm-none-eabi/12.3.1/thumb/v7-m/nofp\libgcc.a(_arm_fixunssfsi.o)

.debug_line_str
                0x00000000       0x4b
 .debug_line_str
                0x00000000       0x4b ./Core/Startup/startup_stm32f103c8tx.o
